Archive member included because of file (symbol)

/home/hackallofit/pebble-dev/PebbleSDK-3.4/Pebble/aplite/lib/libpebble.a(tmpDuxwpQpebble.o)
                              src/simply/simply_accel.c.11.o (accel_data_service_unsubscribe)
/home/hackallofit/pebble-dev/PebbleSDK-3.4/arm-cs-tools/bin/../lib/gcc/arm-none-eabi/4.7.2/thumb2/libgcc.a(_aeabi_ldivmod.o)
                              src/simply/simply_menu.c.11.o (__aeabi_ldivmod)
/home/hackallofit/pebble-dev/PebbleSDK-3.4/arm-cs-tools/bin/../lib/gcc/arm-none-eabi/4.7.2/thumb2/libgcc.a(bpabi.o)
                              /home/hackallofit/pebble-dev/PebbleSDK-3.4/arm-cs-tools/bin/../lib/gcc/arm-none-eabi/4.7.2/thumb2/libgcc.a(_aeabi_ldivmod.o) (__gnu_ldivmod_helper)
/home/hackallofit/pebble-dev/PebbleSDK-3.4/arm-cs-tools/bin/../lib/gcc/arm-none-eabi/4.7.2/thumb2/libgcc.a(_dvmd_tls.o)
                              /home/hackallofit/pebble-dev/PebbleSDK-3.4/arm-cs-tools/bin/../lib/gcc/arm-none-eabi/4.7.2/thumb2/libgcc.a(_aeabi_ldivmod.o) (__aeabi_ldiv0)
/home/hackallofit/pebble-dev/PebbleSDK-3.4/arm-cs-tools/bin/../lib/gcc/arm-none-eabi/4.7.2/thumb2/libgcc.a(_divdi3.o)
                              /home/hackallofit/pebble-dev/PebbleSDK-3.4/arm-cs-tools/bin/../lib/gcc/arm-none-eabi/4.7.2/thumb2/libgcc.a(bpabi.o) (__divdi3)
/home/hackallofit/pebble-dev/PebbleSDK-3.4/arm-cs-tools/bin/../lib/gcc/arm-none-eabi/4.7.2/thumb2/libgcc.a(_udivdi3.o)
                              /home/hackallofit/pebble-dev/PebbleSDK-3.4/arm-cs-tools/bin/../lib/gcc/arm-none-eabi/4.7.2/thumb2/libgcc.a(bpabi.o) (__udivdi3)
/home/hackallofit/pebble-dev/PebbleSDK-3.4/arm-cs-tools/bin/../lib/gcc/arm-none-eabi/4.7.2/thumb2/libgcc.a(_udivsi3.o)
                              /home/hackallofit/pebble-dev/PebbleSDK-3.4/arm-cs-tools/bin/../lib/gcc/arm-none-eabi/4.7.2/thumb2/libgcc.a(_divdi3.o) (__aeabi_uidiv)

Discarded input sections

 .text          0x0000000000000000        0x0 /home/hackallofit/pebble-dev/PebbleSDK-3.4/arm-cs-tools/bin/../lib/gcc/arm-none-eabi/4.7.2/thumb2/crti.o
 .bss           0x0000000000000000        0x0 /home/hackallofit/pebble-dev/PebbleSDK-3.4/arm-cs-tools/bin/../lib/gcc/arm-none-eabi/4.7.2/thumb2/crti.o
 .init          0x0000000000000000        0x4 /home/hackallofit/pebble-dev/PebbleSDK-3.4/arm-cs-tools/bin/../lib/gcc/arm-none-eabi/4.7.2/thumb2/crti.o
 .fini          0x0000000000000000        0x4 /home/hackallofit/pebble-dev/PebbleSDK-3.4/arm-cs-tools/bin/../lib/gcc/arm-none-eabi/4.7.2/thumb2/crti.o
 .text          0x0000000000000000       0xc8 /home/hackallofit/pebble-dev/PebbleSDK-3.4/arm-cs-tools/bin/../lib/gcc/arm-none-eabi/4.7.2/thumb2/crtbegin.o
 .bss           0x0000000000000000       0x1c /home/hackallofit/pebble-dev/PebbleSDK-3.4/arm-cs-tools/bin/../lib/gcc/arm-none-eabi/4.7.2/thumb2/crtbegin.o
 .init_array    0x0000000000000000        0x4 /home/hackallofit/pebble-dev/PebbleSDK-3.4/arm-cs-tools/bin/../lib/gcc/arm-none-eabi/4.7.2/thumb2/crtbegin.o
 .fini_array    0x0000000000000000        0x4 /home/hackallofit/pebble-dev/PebbleSDK-3.4/arm-cs-tools/bin/../lib/gcc/arm-none-eabi/4.7.2/thumb2/crtbegin.o
 .eh_frame      0x0000000000000000        0x0 /home/hackallofit/pebble-dev/PebbleSDK-3.4/arm-cs-tools/bin/../lib/gcc/arm-none-eabi/4.7.2/thumb2/crtbegin.o
 .jcr           0x0000000000000000        0x0 /home/hackallofit/pebble-dev/PebbleSDK-3.4/arm-cs-tools/bin/../lib/gcc/arm-none-eabi/4.7.2/thumb2/crtbegin.o
 .tm_clone_table
                0x0000000000000000        0x0 /home/hackallofit/pebble-dev/PebbleSDK-3.4/arm-cs-tools/bin/../lib/gcc/arm-none-eabi/4.7.2/thumb2/crtbegin.o
 .text          0x0000000000000000        0x0 src/main.c.11.o
 .bss           0x0000000000000000        0x0 src/main.c.11.o
 .text          0x0000000000000000        0x0 src/simply/simply.c.11.o
 .bss           0x0000000000000000        0x0 src/simply/simply.c.11.o
 .text          0x0000000000000000        0x0 src/simply/simply_accel.c.11.o
 .bss           0x0000000000000000        0x0 src/simply/simply_accel.c.11.o
 .text          0x0000000000000000        0x0 src/simply/simply_menu.c.11.o
 .bss           0x0000000000000000        0x0 src/simply/simply_menu.c.11.o
 .text          0x0000000000000000        0x0 src/simply/simply_msg.c.11.o
 .bss           0x0000000000000000        0x0 src/simply/simply_msg.c.11.o
 .text          0x0000000000000000        0x0 src/simply/simply_res.c.11.o
 .bss           0x0000000000000000        0x0 src/simply/simply_res.c.11.o
 .text.id_filter
                0x0000000000000000        0xa src/simply/simply_res.c.11.o
 .text.simply_res_remove_image
                0x0000000000000000       0x18 src/simply/simply_res.c.11.o
 .text          0x0000000000000000        0x0 src/simply/simply_splash.c.11.o
 .bss           0x0000000000000000        0x0 src/simply/simply_splash.c.11.o
 .text          0x0000000000000000        0x0 src/simply/simply_stage.c.11.o
 .bss           0x0000000000000000        0x0 src/simply/simply_stage.c.11.o
 .text.id_filter
[...]
Memory Configuration

Name             Origin             Length             Attributes
APP              0x0000000000000000 0x0000000000006000 xrw
*default*        0x0000000000000000 0xffffffffffffffff

Linker script and memory map

LOAD /home/hackallofit/pebble-dev/PebbleSDK-3.4/arm-cs-tools/bin/../lib/gcc/arm-none-eabi/4.7.2/thumb2/crti.o
LOAD /home/hackallofit/pebble-dev/PebbleSDK-3.4/arm-cs-tools/bin/../lib/gcc/arm-none-eabi/4.7.2/thumb2/crtbegin.o
LOAD src/main.c.11.o
LOAD src/simply/simply.c.11.o
LOAD src/simply/simply_accel.c.11.o
LOAD src/simply/simply_menu.c.11.o
LOAD src/simply/simply_msg.c.11.o
LOAD src/simply/simply_res.c.11.o
LOAD src/simply/simply_splash.c.11.o
LOAD src/simply/simply_stage.c.11.o
LOAD src/simply/simply_ui.c.11.o
LOAD src/simply/simply_wakeup.c.11.o
LOAD src/simply/simply_window.c.11.o
LOAD src/simply/simply_window_stack.c.11.o
LOAD aplite/appinfo.auto.c.11.o
LOAD /home/hackallofit/pebble-dev/PebbleSDK-3.4/Pebble/aplite/lib/libpebble.a
START GROUP
LOAD /home/hackallofit/pebble-dev/PebbleSDK-3.4/arm-cs-tools/bin/../lib/gcc/arm-none-eabi/4.7.2/thumb2/libgcc.a
LOAD /home/hackallofit/pebble-dev/PebbleSDK-3.4/arm-cs-tools/bin/../lib/gcc/arm-none-eabi/4.7.2/../../../../arm-none-eabi/lib/thumb2/libc.a
END GROUP
LOAD /home/hackallofit/pebble-dev/PebbleSDK-3.4/arm-cs-tools/bin/../lib/gcc/arm-none-eabi/4.7.2/thumb2/crtend.o
LOAD /home/hackallofit/pebble-dev/PebbleSDK-3.4/arm-cs-tools/bin/../lib/gcc/arm-none-eabi/4.7.2/thumb2/crtn.o

.header         0x0000000000000000       0x82
 *(.pbl_header)
 .pbl_header    0x0000000000000000       0x82 aplite/appinfo.auto.c.11.o
                0x0000000000000000                __pbl_app_info

.note.gnu.build-id
                0x0000000000000082       0x26
                0x0000000000000082                PROVIDE (BUILD_ID, .)
 *(.note.gnu.build-id)
 *fill*         0x0000000000000082        0x2 
 .note.gnu.build-id
                0x0000000000000084       0x24 linker stubs

.text           0x00000000000000a8     0x3d40
 *(.text)
 .text          0x00000000000000a8       0x14 /home/hackallofit/pebble-dev/PebbleSDK-3.4/Pebble/aplite/lib/libpebble.a(tmpDuxwpQpebble.o)
 .text          0x00000000000000bc       0x38 /home/hackallofit/pebble-dev/PebbleSDK-3.4/arm-cs-tools/bin/../lib/gcc/arm-none-eabi/4.7.2/thumb2/libgcc.a(_aeabi_ldivmod.o)
                0x00000000000000bc                __aeabi_ldivmod
 .text          0x00000000000000f4       0x60 /home/hackallofit/pebble-dev/PebbleSDK-3.4/arm-cs-tools/bin/../lib/gcc/arm-none-eabi/4.7.2/thumb2/libgcc.a(bpabi.o)
                0x00000000000000f4                __gnu_ldivmod_helper
                0x0000000000000124                __gnu_uldivmod_helper
 .text          0x0000000000000154        0x4 /home/hackallofit/pebble-dev/PebbleSDK-3.4/arm-cs-tools/bin/../lib/gcc/arm-none-eabi/4.7.2/thumb2/libgcc.a(_dvmd_tls.o)
                0x0000000000000154                __aeabi_ldiv0
                0x0000000000000154                __aeabi_idiv0
 .text          0x0000000000000158      0x36c /home/hackallofit/pebble-dev/PebbleSDK-3.4/arm-cs-tools/bin/../lib/gcc/arm-none-eabi/4.7.2/thumb2/libgcc.a(_divdi3.o)
                0x0000000000000158                __divdi3
 .text          0x00000000000004c4      0x314 /home/hackallofit/pebble-dev/PebbleSDK-3.4/arm-cs-tools/bin/../lib/gcc/arm-none-eabi/4.7.2/thumb2/libgcc.a(_udivdi3.o)
                0x00000000000004c4                __udivdi3
 .text          0x00000000000007d8      0x278 /home/hackallofit/pebble-dev/PebbleSDK-3.4/arm-cs-tools/bin/../lib/gcc/arm-none-eabi/4.7.2/thumb2/libgcc.a(_udivsi3.o)
                0x00000000000007d8                __udivsi3
                0x00000000000007d8                __aeabi_uidiv
                0x0000000000000a34                __aeabi_uidivmod
 *(.text.*)
 .text.startup.main
                0x0000000000000a50       0x16 src/main.c.11.o
                0x0000000000000a50                main
 .text.simply_init
                0x0000000000000a66       0x5c src/simply/simply.c.11.o
                0x0000000000000a66                simply_init
 .text.simply_deinit
                0x0000000000000ac2       0x38 src/simply/simply.c.11.o
                0x0000000000000ac2                simply_deinit
 .text.handle_accel_tap
                0x0000000000000afa       0x1e src/simply/simply_accel.c.11.o
 .text.send_accel_data.isra.1
                0x0000000000000b18       0x4a src/simply/simply_accel.c.11.o
 .text.handle_accel_data
                0x0000000000000b62        0x6 src/simply/simply_accel.c.11.o
 .text.accel_peek_timer_callback
                0x0000000000000b68       0x40 src/simply/simply_accel.c.11.o
 .text.simply_accel_handle_packet
                0x0000000000000ba8       0x6c src/simply/simply_accel.c.11.o
                0x0000000000000ba8                simply_accel_handle_packet
 .text.simply_accel_create
                0x0000000000000c14       0x38 src/simply/simply_accel.c.11.o
                0x0000000000000c14                simply_accel_create
 .text.simply_accel_destroy
                0x0000000000000c4c       0x20 src/simply/simply_accel.c.11.o
                0x0000000000000c4c                simply_accel_destroy
 .text.list1_remove
                0x0000000000000c6c       0x32 src/simply/simply_menu.c.11.o
 .text.section_filter
                0x0000000000000c9e        0xc src/simply/simply_menu.c.11.o
 .text.item_filter
                0x0000000000000caa       0x1a src/simply/simply_menu.c.11.o
 .text.request_item_filter
                0x0000000000000cc4        0xc src/simply/simply_menu.c.11.o
 .text.menu_get_num_sections_callback
                0x0000000000000cd0        0x4 src/simply/simply_menu.c.11.o
 .text.destroy_section
                0x0000000000000cd4       0x30 src/simply/simply_menu.c.11.o
 .text.destroy_item
                0x0000000000000d04       0x30 src/simply/simply_menu.c.11.o
 .text.window_unload
                0x0000000000000d34       0x1c src/simply/simply_menu.c.11.o
 .text.reload_data
                0x0000000000000d50        0xa src/simply/simply_menu.c.11.o
 .text.simply_menu_clear
                0x0000000000000d5a       0x28 src/simply/simply_menu.c.11.o
 .text.window_disappear
                0x0000000000000d82       0x22 src/simply/simply_menu.c.11.o
 .text.window_appear
                0x0000000000000da4        0xe src/simply/simply_menu.c.11.o
 .text.single_click_handler
                0x0000000000000db2       0x1a src/simply/simply_menu.c.11.o
 .text.gpoint_polar
                0x0000000000000dcc       0x34 src/simply/simply_menu.c.11.o
 .text.mark_dirty
                0x0000000000000e00       0x14 src/simply/simply_menu.c.11.o
 .text.strdup2  0x0000000000000e14       0x28 src/simply/simply_menu.c.11.o
 .text.window_load
                0x0000000000000e3c       0xec src/simply/simply_menu.c.11.o
 .text.list1_find_prev.constprop.8
                0x0000000000000f28       0x1c src/simply/simply_menu.c.11.o
 .text.refresh_spinner_timer
                0x0000000000000f44       0x2c src/simply/simply_menu.c.11.o
 .text.spinner_timer_callback
                0x0000000000000f70       0x16 src/simply/simply_menu.c.11.o
 *fill*         0x0000000000000f86        0x2 
 .text.click_config_provider
                0x0000000000000f88       0x24 src/simply/simply_menu.c.11.o
 .text.add_item
                0x0000000000000fac       0x58 src/simply/simply_menu.c.11.o
 .text.get_menu_section
                0x0000000000001004       0x10 src/simply/simply_menu.c.11.o
 .text.menu_get_num_rows_callback
                0x0000000000001014       0x12 src/simply/simply_menu.c.11.o
 *fill*         0x0000000000001026        0x2 
 .text.menu_get_header_height_callback
                0x0000000000001028       0x24 src/simply/simply_menu.c.11.o
 .text.menu_select_long_click_callback
                0x000000000000104c       0x22 src/simply/simply_menu.c.11.o
 .text.menu_select_click_callback
                0x000000000000106e       0x22 src/simply/simply_menu.c.11.o
 .text.add_section
                0x0000000000001090       0x50 src/simply/simply_menu.c.11.o
 .text.request_menu_section.part.1
                0x00000000000010e0       0x3e src/simply/simply_menu.c.11.o
 *fill*         0x000000000000111e        0x2 
 .text.menu_draw_row_callback
                0x0000000000001120      0x21c src/simply/simply_menu.c.11.o
 .text.menu_draw_header_callback
                0x000000000000133c       0xac src/simply/simply_menu.c.11.o
 .text.simply_menu_handle_packet
                0x00000000000013e8      0x1c0 src/simply/simply_menu.c.11.o
                0x00000000000013e8                simply_menu_handle_packet
 .text.simply_menu_create
                0x00000000000015a8       0x3c src/simply/simply_menu.c.11.o
                0x00000000000015a8                simply_menu_create
 .text.simply_menu_destroy
                0x00000000000015e4       0x16 src/simply/simply_menu.c.11.o
                0x00000000000015e4                simply_menu_destroy
 .text.list1_remove
                0x00000000000015fa       0x32 src/simply/simply_msg.c.11.o
 .text.dropped_callback
                0x000000000000162c        0x2 src/simply/simply_msg.c.11.o
 .text.sent_callback
                0x000000000000162e        0x2 src/simply/simply_msg.c.11.o
 .text.send_msg
                0x0000000000001630       0x30 src/simply/simply_msg.c.11.o
 .text.handle_packet
                0x0000000000001660      0x18e src/simply/simply_msg.c.11.o
 *fill*         0x00000000000017ee        0x2 
 .text.received_callback
                0x00000000000017f0       0x38 src/simply/simply_msg.c.11.o
 .text.send_msg_retry
                0x0000000000001828       0xb4 src/simply/simply_msg.c.11.o
 .text.simply_msg_has_communicated
                0x00000000000018dc        0xc src/simply/simply_msg.c.11.o
                0x00000000000018dc                simply_msg_has_communicated
 .text.simply_msg_show_disconnected
                0x00000000000018e8       0x58 src/simply/simply_msg.c.11.o
                0x00000000000018e8                simply_msg_show_disconnected
 .text.failed_callback
                0x0000000000001940       0x18 src/simply/simply_msg.c.11.o
 .text.simply_msg_create
                0x0000000000001958       0x6c src/simply/simply_msg.c.11.o
                0x0000000000001958                simply_msg_create
 .text.simply_msg_destroy
                0x00000000000019c4       0x1c src/simply/simply_msg.c.11.o
                0x00000000000019c4                simply_msg_destroy
 .text.simply_msg_send
                0x00000000000019e0        0x4 src/simply/simply_msg.c.11.o
                0x00000000000019e0                simply_msg_send
 .text.simply_msg_send_packet
                0x00000000000019e4       0x84 src/simply/simply_msg.c.11.o
                0x00000000000019e4                simply_msg_send_packet
 .text.list1_remove
                0x0000000000001a68       0x32 src/simply/simply_res.c.11.o
 .text.destroy_image
                0x0000000000001a9a       0x1c src/simply/simply_res.c.11.o
 .text.window_stack_schedule_top_window_render
                0x0000000000001ab6       0x12 src/simply/simply_res.c.11.o
 .text.create_bitmap_with_data
                0x0000000000001ac8       0x20 src/simply/simply_res.c.11.o
 .text.create_bitmap_with_id
                0x0000000000001ae8       0x12 src/simply/simply_res.c.11.o
 .text.simply_res_evict_image
                0x0000000000001afa       0x1a src/simply/simply_res.c.11.o
                0x0000000000001afa                simply_res_evict_image
 .text.create_image
                0x0000000000001b14       0x50 src/simply/simply_res.c.11.o
 .text.simply_res_add_bundled_image
                0x0000000000001b64       0x2c src/simply/simply_res.c.11.o
                0x0000000000001b64                simply_res_add_bundled_image
 .text.simply_res_add_image
                0x0000000000001b90       0x68 src/simply/simply_res.c.11.o
                0x0000000000001b90                simply_res_add_image
 .text.simply_res_auto_image
                0x0000000000001bf8       0x42 src/simply/simply_res.c.11.o
                0x0000000000001bf8                simply_res_auto_image
 .text.simply_res_add_custom_font
                0x0000000000001c3a       0x3e src/simply/simply_res.c.11.o
                0x0000000000001c3a                simply_res_add_custom_font
 .text.simply_res_auto_font
                0x0000000000001c78       0x2a src/simply/simply_res.c.11.o
                0x0000000000001c78                simply_res_auto_font
 .text.simply_res_clear
                0x0000000000001ca2       0x34 src/simply/simply_res.c.11.o
                0x0000000000001ca2                simply_res_clear
 .text.simply_res_create
                0x0000000000001cd6       0x2a src/simply/simply_res.c.11.o
                0x0000000000001cd6                simply_res_create
 .text.simply_res_destroy
                0x0000000000001d00       0x12 src/simply/simply_res.c.11.o
                0x0000000000001d00                simply_res_destroy
 .text.window_load
                0x0000000000001d12       0x12 src/simply/simply_splash.c.11.o
 .text.layer_update_callback
                0x0000000000001d24       0x24 src/simply/simply_splash.c.11.o
                0x0000000000001d24                layer_update_callback
 .text.simply_splash_create
                0x0000000000001d48       0x7c src/simply/simply_splash.c.11.o
                0x0000000000001d48                simply_splash_create
 .text.simply_splash_destroy
                0x0000000000001dc4       0x20 src/simply/simply_splash.c.11.o
                0x0000000000001dc4                simply_splash_destroy
 .text.window_disappear
                0x0000000000001de4       0x1a src/simply/simply_splash.c.11.o
 .text.list1_remove
                0x0000000000001dfe       0x32 src/simply/simply_stage.c.11.o
 .text.gcolor8_get
                0x0000000000001e30       0x16 src/simply/simply_stage.c.11.o
 .text.element_frame_getter
                0x0000000000001e46       0x10 src/simply/simply_stage.c.11.o
 .text.window_unload
                0x0000000000001e56       0x1e src/simply/simply_stage.c.11.o
 .text.simply_stage_update_ticker
                0x0000000000001e74       0x2c src/simply/simply_stage.c.11.o
 .text.handle_tick
                0x0000000000001ea0       0x12 src/simply/simply_stage.c.11.o
 .text.simply_stage_update
                0x0000000000001eb2        0xa src/simply/simply_stage.c.11.o
 .text.window_appear
                0x0000000000001ebc       0x16 src/simply/simply_stage.c.11.o
 *fill*         0x0000000000001ed2        0x2 
 .text.window_load
                0x0000000000001ed4       0x58 src/simply/simply_stage.c.11.o
 .text.malloc0  0x0000000000001f2c       0x18 src/simply/simply_stage.c.11.o
 .text.simply_stage_remove_element
                0x0000000000001f44       0x24 src/simply/simply_stage.c.11.o
 .text.rect_element_draw_background.isra.1.part.2
                0x0000000000001f68       0x28 src/simply/simply_stage.c.11.o
 .text.rect_element_draw_border.isra.3.part.4
                0x0000000000001f90       0x28 src/simply/simply_stage.c.11.o
 .text.simply_stage_set_element_frame.isra.9
                0x0000000000001fb8       0x32 src/simply/simply_stage.c.11.o
 .text.element_frame_setter
                0x0000000000001fea       0x1e src/simply/simply_stage.c.11.o
 .text.simply_stage_clear
                0x0000000000002008       0x62 src/simply/simply_stage.c.11.o
 .text.window_disappear
                0x000000000000206a       0x22 src/simply/simply_stage.c.11.o
 .text.layer_update_callback
                0x000000000000208c      0x2b4 src/simply/simply_stage.c.11.o
 .text.simply_stage_auto_element
                0x0000000000002340       0x88 src/simply/simply_stage.c.11.o
 .text.animation_stopped
                0x00000000000023c8       0x3e src/simply/simply_stage.c.11.o
 *fill*         0x0000000000002406        0x2 
 .text.simply_stage_handle_packet
                0x0000000000002408      0x28c src/simply/simply_stage.c.11.o
                0x0000000000002408                simply_stage_handle_packet
 .text.simply_stage_create
                0x0000000000002694       0x38 src/simply/simply_stage.c.11.o
                0x0000000000002694                simply_stage_create
 .text.simply_stage_destroy
                0x00000000000026cc       0x16 src/simply/simply_stage.c.11.o
                0x00000000000026cc                simply_stage_destroy
 .text.gcolor8_get_or
                0x00000000000026e2       0x1e src/simply/simply_ui.c.11.o
 .text.window_unload
                0x0000000000002700       0x1e src/simply/simply_ui.c.11.o
 .text.window_disappear
                0x000000000000271e       0x1c src/simply/simply_ui.c.11.o
 .text.window_appear
                0x000000000000273a        0xe src/simply/simply_ui.c.11.o
 .text.graphics_draw_bitmap_centered
                0x0000000000002748       0x60 src/simply/simply_ui.c.11.o
 .text.mark_dirty
                0x00000000000027a8        0xa src/simply/simply_ui.c.11.o
 .text.show_welcome_text
                0x00000000000027b2       0x18 src/simply/simply_ui.c.11.o
 *fill*         0x00000000000027ca        0x2 
 .text.layer_update_callback
                0x00000000000027cc      0x4bc src/simply/simply_ui.c.11.o
 .text.simply_ui_set_style
                0x0000000000002c88       0x38 src/simply/simply_ui.c.11.o
                0x0000000000002c88                simply_ui_set_style
 .text.window_load
                0x0000000000002cc0       0x60 src/simply/simply_ui.c.11.o
 .text.simply_ui_set_text
                0x0000000000002d20       0x5c src/simply/simply_ui.c.11.o
                0x0000000000002d20                simply_ui_set_text
 .text.simply_ui_set_text_color
                0x0000000000002d7c        0xc src/simply/simply_ui.c.11.o
                0x0000000000002d7c                simply_ui_set_text_color
 .text.simply_ui_clear
                0x0000000000002d88       0x4a src/simply/simply_ui.c.11.o
                0x0000000000002d88                simply_ui_clear
 .text.simply_ui_handle_packet
                0x0000000000002dd2       0x70 src/simply/simply_ui.c.11.o
                0x0000000000002dd2                simply_ui_handle_packet
 *fill*         0x0000000000002e42        0x2 
 .text.simply_ui_create
                0x0000000000002e44       0x48 src/simply/simply_ui.c.11.o
                0x0000000000002e44                simply_ui_create
 .text.simply_ui_destroy
                0x0000000000002e8c       0x2a src/simply/simply_ui.c.11.o
                0x0000000000002e8c                simply_ui_destroy
 .text.wakeup_handler
                0x0000000000002eb6       0x1c src/simply/simply_wakeup.c.11.o
 .text.wakeup_set_timer_callback
                0x0000000000002ed2       0x20 src/simply/simply_wakeup.c.11.o
 *fill*         0x0000000000002ef2        0x2 
 .text.simply_wakeup_handle_packet
                0x0000000000002ef4       0xa8 src/simply/simply_wakeup.c.11.o
                0x0000000000002ef4                simply_wakeup_handle_packet
 .text.simply_wakeup_init
                0x0000000000002f9c        0xc src/simply/simply_wakeup.c.11.o
                0x0000000000002f9c                simply_wakeup_init
 .text.simply_window_single_click_handler
                0x0000000000002fa8       0x5c src/simply/simply_window.c.11.o
                0x0000000000002fa8                simply_window_single_click_handler
 .text.scroll_layer_set_click_config_provider_onto_window.constprop.7
                0x0000000000003004       0x30 src/simply/simply_window.c.11.o
 .text.click_config_provider
                0x0000000000003034       0x7c src/simply/simply_window.c.11.o
 .text.long_click_handler
                0x00000000000030b0       0x32 src/simply/simply_window.c.11.o
 .text.simply_window_set_scrollable
                0x00000000000030e2       0x80 src/simply/simply_window.c.11.o
                0x00000000000030e2                simply_window_set_scrollable
 .text.simply_window_set_fullscreen
                0x0000000000003162       0x98 src/simply/simply_window.c.11.o
                0x0000000000003162                simply_window_set_fullscreen
 .text.simply_window_set_background_color
                0x00000000000031fa        0x6 src/simply/simply_window.c.11.o
                0x00000000000031fa                simply_window_set_background_color
 .text.simply_window_set_action_bar
                0x0000000000003200       0x4c src/simply/simply_window.c.11.o
                0x0000000000003200                simply_window_set_action_bar
 .text.simply_window_set_action_bar_icon
                0x000000000000324c       0x3c src/simply/simply_window.c.11.o
                0x000000000000324c                simply_window_set_action_bar_icon
 .text.simply_window_set_action_bar_background_color
                0x0000000000003288       0x50 src/simply/simply_window.c.11.o
                0x0000000000003288                simply_window_set_action_bar_background_color
 .text.simply_window_action_bar_clear
                0x00000000000032d8       0x26 src/simply/simply_window.c.11.o
                0x00000000000032d8                simply_window_action_bar_clear
 .text.simply_window_preload
                0x00000000000032fe       0x32 src/simply/simply_window.c.11.o
                0x00000000000032fe                simply_window_preload
 .text.simply_window_load
                0x0000000000003330       0x6c src/simply/simply_window.c.11.o
                0x0000000000003330                simply_window_load
 .text.simply_window_appear
                0x000000000000339c       0x1c src/simply/simply_window.c.11.o
                0x000000000000339c                simply_window_appear
 .text.simply_window_disappear
                0x00000000000033b8       0x1c src/simply/simply_window.c.11.o
                0x00000000000033b8                simply_window_disappear
 .text.simply_window_unload
                0x00000000000033d4       0x10 src/simply/simply_window.c.11.o
                0x00000000000033d4                simply_window_unload
 .text.simply_window_handle_packet
                0x00000000000033e4       0x8c src/simply/simply_window.c.11.o
                0x00000000000033e4                simply_window_handle_packet
 .text.simply_window_init
                0x0000000000003470       0x42 src/simply/simply_window.c.11.o
                0x0000000000003470                simply_window_init
 .text.simply_window_deinit
                0x00000000000034b2       0x1c src/simply/simply_window.c.11.o
                0x00000000000034b2                simply_window_deinit
 .text.show_window_sdk_2
                0x00000000000034ce       0x54 src/simply/simply_window_stack.c.11.o
 *fill*         0x0000000000003522        0x2 
 .text.simply_window_stack_set_broadcast
                0x0000000000003524       0x10 src/simply/simply_window_stack.c.11.o
                0x0000000000003524                simply_window_stack_set_broadcast
 .text.simply_window_stack_get_top_window
                0x0000000000003534       0x20 src/simply/simply_window_stack.c.11.o
                0x0000000000003534                simply_window_stack_get_top_window
 .text.simply_window_stack_show
                0x0000000000003554        0x4 src/simply/simply_window_stack.c.11.o
                0x0000000000003554                simply_window_stack_show
 .text.simply_window_stack_pop
                0x0000000000003558       0x26 src/simply/simply_window_stack.c.11.o
                0x0000000000003558                simply_window_stack_pop
 *fill*         0x000000000000357e        0x2 
 .text.simply_window_stack_send_show
                0x0000000000003580       0x30 src/simply/simply_window_stack.c.11.o
                0x0000000000003580                simply_window_stack_send_show
 .text.simply_window_stack_send_hide
                0x00000000000035b0       0x40 src/simply/simply_window_stack.c.11.o
                0x00000000000035b0                simply_window_stack_send_hide
 .text.simply_window_stack_back
                0x00000000000035f0       0x1a src/simply/simply_window_stack.c.11.o
                0x00000000000035f0                simply_window_stack_back
 .text.simply_window_stack_handle_packet
                0x000000000000360a       0x4a src/simply/simply_window_stack.c.11.o
                0x000000000000360a                simply_window_stack_handle_packet
 .text.simply_window_stack_create
                0x0000000000003654       0x20 src/simply/simply_window_stack.c.11.o
                0x0000000000003654                simply_window_stack_create
 .text.simply_window_stack_destroy
                0x0000000000003674       0x1c src/simply/simply_window_stack.c.11.o
                0x0000000000003674                simply_window_stack_destroy
 .text.accel_data_service_unsubscribe
                0x0000000000003690        0xc /home/hackallofit/pebble-dev/PebbleSDK-3.4/Pebble/aplite/lib/libpebble.a(tmpDuxwpQpebble.o)
                0x0000000000003690                accel_data_service_unsubscribe
 .text.accel_service_peek
                0x000000000000369c        0xc /home/hackallofit/pebble-dev/PebbleSDK-3.4/Pebble/aplite/lib/libpebble.a(tmpDuxwpQpebble.o)
                0x000000000000369c                accel_service_peek
 .text.accel_service_set_sampling_rate
                0x00000000000036a8        0xc /home/hackallofit/pebble-dev/PebbleSDK-3.4/Pebble/aplite/lib/libpebble.a(tmpDuxwpQpebble.o)
                0x00000000000036a8                accel_service_set_sampling_rate
 .text.accel_tap_service_subscribe
                0x00000000000036b4        0xc /home/hackallofit/pebble-dev/PebbleSDK-3.4/Pebble/aplite/lib/libpebble.a(tmpDuxwpQpebble.o)
                0x00000000000036b4                accel_tap_service_subscribe
 .text.accel_tap_service_unsubscribe
                0x00000000000036c0        0xc /home/hackallofit/pebble-dev/PebbleSDK-3.4/Pebble/aplite/lib/libpebble.a(tmpDuxwpQpebble.o)
                0x00000000000036c0                accel_tap_service_unsubscribe
 .text.action_bar_layer_add_to_window
                0x00000000000036cc        0xc /home/hackallofit/pebble-dev/PebbleSDK-3.4/Pebble/aplite/lib/libpebble.a(tmpDuxwpQpebble.o)
                0x00000000000036cc                action_bar_layer_add_to_window
 .text.action_bar_layer_clear_icon
                0x00000000000036d8        0xc /home/hackallofit/pebble-dev/PebbleSDK-3.4/Pebble/aplite/lib/libpebble.a(tmpDuxwpQpebble.o)
                0x00000000000036d8                action_bar_layer_clear_icon
 .text.action_bar_layer_create
                0x00000000000036e4        0xc /home/hackallofit/pebble-dev/PebbleSDK-3.4/Pebble/aplite/lib/libpebble.a(tmpDuxwpQpebble.o)
                0x00000000000036e4                action_bar_layer_create
 .text.action_bar_layer_destroy
                0x00000000000036f0        0xc /home/hackallofit/pebble-dev/PebbleSDK-3.4/Pebble/aplite/lib/libpebble.a(tmpDuxwpQpebble.o)
                0x00000000000036f0                action_bar_layer_destroy
 .text.action_bar_layer_remove_from_window
                0x00000000000036fc        0xc /home/hackallofit/pebble-dev/PebbleSDK-3.4/Pebble/aplite/lib/libpebble.a(tmpDuxwpQpebble.o)
                0x00000000000036fc                action_bar_layer_remove_from_window
 .text.action_bar_layer_set_background_color
                0x0000000000003708        0xc /home/hackallofit/pebble-dev/PebbleSDK-3.4/Pebble/aplite/lib/libpebble.a(tmpDuxwpQpebble.o)
                0x0000000000003708                action_bar_layer_set_background_color
 .text.action_bar_layer_set_click_config_provider
                0x0000000000003714        0xc /home/hackallofit/pebble-dev/PebbleSDK-3.4/Pebble/aplite/lib/libpebble.a(tmpDuxwpQpebble.o)
                0x0000000000003714                action_bar_layer_set_click_config_provider
 .text.action_bar_layer_set_context
                0x0000000000003720        0xc /home/hackallofit/pebble-dev/PebbleSDK-3.4/Pebble/aplite/lib/libpebble.a(tmpDuxwpQpebble.o)
                0x0000000000003720                action_bar_layer_set_context
 .text.action_bar_layer_set_icon
                0x000000000000372c        0xc /home/hackallofit/pebble-dev/PebbleSDK-3.4/Pebble/aplite/lib/libpebble.a(tmpDuxwpQpebble.o)
                0x000000000000372c                action_bar_layer_set_icon
 .text.animation_destroy
                0x0000000000003738        0xc /home/hackallofit/pebble-dev/PebbleSDK-3.4/Pebble/aplite/lib/libpebble.a(tmpDuxwpQpebble.o)
                0x0000000000003738                animation_destroy
 .text.animation_schedule
                0x0000000000003744        0xc /home/hackallofit/pebble-dev/PebbleSDK-3.4/Pebble/aplite/lib/libpebble.a(tmpDuxwpQpebble.o)
                0x0000000000003744                animation_schedule
 .text.animation_set_curve
                0x0000000000003750        0xc /home/hackallofit/pebble-dev/PebbleSDK-3.4/Pebble/aplite/lib/libpebble.a(tmpDuxwpQpebble.o)
                0x0000000000003750                animation_set_curve
 .text.animation_set_duration
                0x000000000000375c        0xc /home/hackallofit/pebble-dev/PebbleSDK-3.4/Pebble/aplite/lib/libpebble.a(tmpDuxwpQpebble.o)
                0x000000000000375c                animation_set_duration
 .text.animation_set_handlers
                0x0000000000003768        0xc /home/hackallofit/pebble-dev/PebbleSDK-3.4/Pebble/aplite/lib/libpebble.a(tmpDuxwpQpebble.o)
                0x0000000000003768                animation_set_handlers
 .text.animation_unschedule
                0x0000000000003774        0xc /home/hackallofit/pebble-dev/PebbleSDK-3.4/Pebble/aplite/lib/libpebble.a(tmpDuxwpQpebble.o)
                0x0000000000003774                animation_unschedule
 .text.app_event_loop
                0x0000000000003780        0xc /home/hackallofit/pebble-dev/PebbleSDK-3.4/Pebble/aplite/lib/libpebble.a(tmpDuxwpQpebble.o)
                0x0000000000003780                app_event_loop
 .text.app_message_deregister_callbacks
                0x000000000000378c        0xc /home/hackallofit/pebble-dev/PebbleSDK-3.4/Pebble/aplite/lib/libpebble.a(tmpDuxwpQpebble.o)
                0x000000000000378c                app_message_deregister_callbacks
 .text.app_message_open
                0x0000000000003798        0xc /home/hackallofit/pebble-dev/PebbleSDK-3.4/Pebble/aplite/lib/libpebble.a(tmpDuxwpQpebble.o)
                0x0000000000003798                app_message_open
 .text.app_timer_cancel
                0x00000000000037a4        0xc /home/hackallofit/pebble-dev/PebbleSDK-3.4/Pebble/aplite/lib/libpebble.a(tmpDuxwpQpebble.o)
                0x00000000000037a4                app_timer_cancel
 .text.app_timer_register
                0x00000000000037b0        0xc /home/hackallofit/pebble-dev/PebbleSDK-3.4/Pebble/aplite/lib/libpebble.a(tmpDuxwpQpebble.o)
                0x00000000000037b0                app_timer_register
 .text.click_recognizer_get_button_id
                0x00000000000037bc        0xc /home/hackallofit/pebble-dev/PebbleSDK-3.4/Pebble/aplite/lib/libpebble.a(tmpDuxwpQpebble.o)
                0x00000000000037bc                click_recognizer_get_button_id
 .text.cos_lookup
                0x00000000000037c8        0xc /home/hackallofit/pebble-dev/PebbleSDK-3.4/Pebble/aplite/lib/libpebble.a(tmpDuxwpQpebble.o)
                0x00000000000037c8                cos_lookup
 .text.dict_find
                0x00000000000037d4        0xc /home/hackallofit/pebble-dev/PebbleSDK-3.4/Pebble/aplite/lib/libpebble.a(tmpDuxwpQpebble.o)
                0x00000000000037d4                dict_find
 .text.dict_write_data
                0x00000000000037e0        0xc /home/hackallofit/pebble-dev/PebbleSDK-3.4/Pebble/aplite/lib/libpebble.a(tmpDuxwpQpebble.o)
                0x00000000000037e0                dict_write_data
 .text.fonts_get_system_font
                0x00000000000037ec        0xc /home/hackallofit/pebble-dev/PebbleSDK-3.4/Pebble/aplite/lib/libpebble.a(tmpDuxwpQpebble.o)
                0x00000000000037ec                fonts_get_system_font
 .text.fonts_load_custom_font
                0x00000000000037f8        0xc /home/hackallofit/pebble-dev/PebbleSDK-3.4/Pebble/aplite/lib/libpebble.a(tmpDuxwpQpebble.o)
                0x00000000000037f8                fonts_load_custom_font
 .text.fonts_unload_custom_font
                0x0000000000003804        0xc /home/hackallofit/pebble-dev/PebbleSDK-3.4/Pebble/aplite/lib/libpebble.a(tmpDuxwpQpebble.o)
                0x0000000000003804                fonts_unload_custom_font
 .text.free     0x0000000000003810        0xc /home/hackallofit/pebble-dev/PebbleSDK-3.4/Pebble/aplite/lib/libpebble.a(tmpDuxwpQpebble.o)
                0x0000000000003810                free
 .text.gbitmap_create_with_resource
                0x000000000000381c        0xc /home/hackallofit/pebble-dev/PebbleSDK-3.4/Pebble/aplite/lib/libpebble.a(tmpDuxwpQpebble.o)
                0x000000000000381c                gbitmap_create_with_resource
 .text.gbitmap_destroy
                0x0000000000003828        0xc /home/hackallofit/pebble-dev/PebbleSDK-3.4/Pebble/aplite/lib/libpebble.a(tmpDuxwpQpebble.o)
                0x0000000000003828                gbitmap_destroy
 .text.graphics_context_set_compositing_mode
                0x0000000000003834        0xc /home/hackallofit/pebble-dev/PebbleSDK-3.4/Pebble/aplite/lib/libpebble.a(tmpDuxwpQpebble.o)
                0x0000000000003834                graphics_context_set_compositing_mode
 .text.graphics_context_set_fill_color
                0x0000000000003840        0xc /home/hackallofit/pebble-dev/PebbleSDK-3.4/Pebble/aplite/lib/libpebble.a(tmpDuxwpQpebble.o)
                0x0000000000003840                graphics_context_set_fill_color
 .text.graphics_context_set_stroke_color
                0x000000000000384c        0xc /home/hackallofit/pebble-dev/PebbleSDK-3.4/Pebble/aplite/lib/libpebble.a(tmpDuxwpQpebble.o)
                0x000000000000384c                graphics_context_set_stroke_color
 .text.graphics_context_set_text_color
                0x0000000000003858        0xc /home/hackallofit/pebble-dev/PebbleSDK-3.4/Pebble/aplite/lib/libpebble.a(tmpDuxwpQpebble.o)
                0x0000000000003858                graphics_context_set_text_color
 .text.graphics_draw_bitmap_in_rect
                0x0000000000003864        0xc /home/hackallofit/pebble-dev/PebbleSDK-3.4/Pebble/aplite/lib/libpebble.a(tmpDuxwpQpebble.o)
                0x0000000000003864                graphics_draw_bitmap_in_rect
 .text.graphics_draw_circle
                0x0000000000003870        0xc /home/hackallofit/pebble-dev/PebbleSDK-3.4/Pebble/aplite/lib/libpebble.a(tmpDuxwpQpebble.o)
                0x0000000000003870                graphics_draw_circle
 .text.graphics_draw_line
                0x000000000000387c        0xc /home/hackallofit/pebble-dev/PebbleSDK-3.4/Pebble/aplite/lib/libpebble.a(tmpDuxwpQpebble.o)
                0x000000000000387c                graphics_draw_line
 .text.graphics_draw_round_rect
                0x0000000000003888        0xc /home/hackallofit/pebble-dev/PebbleSDK-3.4/Pebble/aplite/lib/libpebble.a(tmpDuxwpQpebble.o)
                0x0000000000003888                graphics_draw_round_rect
 .text.graphics_fill_circle
                0x0000000000003894        0xc /home/hackallofit/pebble-dev/PebbleSDK-3.4/Pebble/aplite/lib/libpebble.a(tmpDuxwpQpebble.o)
                0x0000000000003894                graphics_fill_circle
 .text.graphics_fill_rect
                0x00000000000038a0        0xc /home/hackallofit/pebble-dev/PebbleSDK-3.4/Pebble/aplite/lib/libpebble.a(tmpDuxwpQpebble.o)
                0x00000000000038a0                graphics_fill_rect
 .text.grect_center_point
                0x00000000000038ac        0xc /home/hackallofit/pebble-dev/PebbleSDK-3.4/Pebble/aplite/lib/libpebble.a(tmpDuxwpQpebble.o)
                0x00000000000038ac                grect_center_point
 .text.grect_standardize
                0x00000000000038b8        0xc /home/hackallofit/pebble-dev/PebbleSDK-3.4/Pebble/aplite/lib/libpebble.a(tmpDuxwpQpebble.o)
                0x00000000000038b8                grect_standardize
 .text.inverter_layer_create
                0x00000000000038c4        0xc /home/hackallofit/pebble-dev/PebbleSDK-3.4/Pebble/aplite/lib/libpebble.a(tmpDuxwpQpebble.o)
                0x00000000000038c4                inverter_layer_create
 .text.inverter_layer_destroy
                0x00000000000038d0        0xc /home/hackallofit/pebble-dev/PebbleSDK-3.4/Pebble/aplite/lib/libpebble.a(tmpDuxwpQpebble.o)
                0x00000000000038d0                inverter_layer_destroy
 .text.inverter_layer_get_layer
                0x00000000000038dc        0xc /home/hackallofit/pebble-dev/PebbleSDK-3.4/Pebble/aplite/lib/libpebble.a(tmpDuxwpQpebble.o)
                0x00000000000038dc                inverter_layer_get_layer
 .text.layer_add_child
                0x00000000000038e8        0xc /home/hackallofit/pebble-dev/PebbleSDK-3.4/Pebble/aplite/lib/libpebble.a(tmpDuxwpQpebble.o)
                0x00000000000038e8                layer_add_child
 .text.layer_create_with_data
                0x00000000000038f4        0xc /home/hackallofit/pebble-dev/PebbleSDK-3.4/Pebble/aplite/lib/libpebble.a(tmpDuxwpQpebble.o)
                0x00000000000038f4                layer_create_with_data
 .text.layer_destroy
                0x0000000000003900        0xc /home/hackallofit/pebble-dev/PebbleSDK-3.4/Pebble/aplite/lib/libpebble.a(tmpDuxwpQpebble.o)
                0x0000000000003900                layer_destroy
 .text.layer_get_bounds
                0x000000000000390c        0xc /home/hackallofit/pebble-dev/PebbleSDK-3.4/Pebble/aplite/lib/libpebble.a(tmpDuxwpQpebble.o)
                0x000000000000390c                layer_get_bounds
 .text.layer_get_data
                0x0000000000003918        0xc /home/hackallofit/pebble-dev/PebbleSDK-3.4/Pebble/aplite/lib/libpebble.a(tmpDuxwpQpebble.o)
                0x0000000000003918                layer_get_data
 .text.layer_get_frame
                0x0000000000003924        0xc /home/hackallofit/pebble-dev/PebbleSDK-3.4/Pebble/aplite/lib/libpebble.a(tmpDuxwpQpebble.o)
                0x0000000000003924                layer_get_frame
 .text.layer_get_window
                0x0000000000003930        0xc /home/hackallofit/pebble-dev/PebbleSDK-3.4/Pebble/aplite/lib/libpebble.a(tmpDuxwpQpebble.o)
                0x0000000000003930                layer_get_window
 .text.layer_mark_dirty
                0x000000000000393c        0xc /home/hackallofit/pebble-dev/PebbleSDK-3.4/Pebble/aplite/lib/libpebble.a(tmpDuxwpQpebble.o)
                0x000000000000393c                layer_mark_dirty
 .text.layer_remove_from_parent
                0x0000000000003948        0xc /home/hackallofit/pebble-dev/PebbleSDK-3.4/Pebble/aplite/lib/libpebble.a(tmpDuxwpQpebble.o)
                0x0000000000003948                layer_remove_from_parent
 .text.layer_set_bounds
                0x0000000000003954        0xc /home/hackallofit/pebble-dev/PebbleSDK-3.4/Pebble/aplite/lib/libpebble.a(tmpDuxwpQpebble.o)
                0x0000000000003954                layer_set_bounds
 .text.layer_set_frame
                0x0000000000003960        0xc /home/hackallofit/pebble-dev/PebbleSDK-3.4/Pebble/aplite/lib/libpebble.a(tmpDuxwpQpebble.o)
                0x0000000000003960                layer_set_frame
 .text.layer_set_update_proc
                0x000000000000396c        0xc /home/hackallofit/pebble-dev/PebbleSDK-3.4/Pebble/aplite/lib/libpebble.a(tmpDuxwpQpebble.o)
                0x000000000000396c                layer_set_update_proc
 .text.light_enable
                0x0000000000003978        0xc /home/hackallofit/pebble-dev/PebbleSDK-3.4/Pebble/aplite/lib/libpebble.a(tmpDuxwpQpebble.o)
                0x0000000000003978                light_enable
 .text.light_enable_interaction
                0x0000000000003984        0xc /home/hackallofit/pebble-dev/PebbleSDK-3.4/Pebble/aplite/lib/libpebble.a(tmpDuxwpQpebble.o)
                0x0000000000003984                light_enable_interaction
 .text.localtime
                0x0000000000003990        0xc /home/hackallofit/pebble-dev/PebbleSDK-3.4/Pebble/aplite/lib/libpebble.a(tmpDuxwpQpebble.o)
                0x0000000000003990                localtime
 .text.malloc   0x000000000000399c        0xc /home/hackallofit/pebble-dev/PebbleSDK-3.4/Pebble/aplite/lib/libpebble.a(tmpDuxwpQpebble.o)
                0x000000000000399c                malloc
 .text.memcpy   0x00000000000039a8        0xc /home/hackallofit/pebble-dev/PebbleSDK-3.4/Pebble/aplite/lib/libpebble.a(tmpDuxwpQpebble.o)
                0x00000000000039a8                memcpy
 .text.memset   0x00000000000039b4        0xc /home/hackallofit/pebble-dev/PebbleSDK-3.4/Pebble/aplite/lib/libpebble.a(tmpDuxwpQpebble.o)
                0x00000000000039b4                memset
 .text.menu_cell_basic_draw
                0x00000000000039c0        0xc /home/hackallofit/pebble-dev/PebbleSDK-3.4/Pebble/aplite/lib/libpebble.a(tmpDuxwpQpebble.o)
                0x00000000000039c0                menu_cell_basic_draw
 .text.menu_layer_create
                0x00000000000039cc        0xc /home/hackallofit/pebble-dev/PebbleSDK-3.4/Pebble/aplite/lib/libpebble.a(tmpDuxwpQpebble.o)
                0x00000000000039cc                menu_layer_create
 .text.menu_layer_destroy
                0x00000000000039d8        0xc /home/hackallofit/pebble-dev/PebbleSDK-3.4/Pebble/aplite/lib/libpebble.a(tmpDuxwpQpebble.o)
                0x00000000000039d8                menu_layer_destroy
 .text.menu_layer_get_layer
                0x00000000000039e4        0xc /home/hackallofit/pebble-dev/PebbleSDK-3.4/Pebble/aplite/lib/libpebble.a(tmpDuxwpQpebble.o)
                0x00000000000039e4                menu_layer_get_layer
 .text.menu_layer_get_selected_index
                0x00000000000039f0        0xc /home/hackallofit/pebble-dev/PebbleSDK-3.4/Pebble/aplite/lib/libpebble.a(tmpDuxwpQpebble.o)
                0x00000000000039f0                menu_layer_get_selected_index
 .text.menu_layer_reload_data
                0x00000000000039fc        0xc /home/hackallofit/pebble-dev/PebbleSDK-3.4/Pebble/aplite/lib/libpebble.a(tmpDuxwpQpebble.o)
                0x00000000000039fc                menu_layer_reload_data
 .text.menu_layer_set_click_config_onto_window
                0x0000000000003a08        0xc /home/hackallofit/pebble-dev/PebbleSDK-3.4/Pebble/aplite/lib/libpebble.a(tmpDuxwpQpebble.o)
                0x0000000000003a08                menu_layer_set_click_config_onto_window
 .text.menu_layer_set_selected_index
                0x0000000000003a14        0xc /home/hackallofit/pebble-dev/PebbleSDK-3.4/Pebble/aplite/lib/libpebble.a(tmpDuxwpQpebble.o)
                0x0000000000003a14                menu_layer_set_selected_index
 .text.property_animation_create
                0x0000000000003a20        0xc /home/hackallofit/pebble-dev/PebbleSDK-3.4/Pebble/aplite/lib/libpebble.a(tmpDuxwpQpebble.o)
                0x0000000000003a20                property_animation_create
 .text.property_animation_update_grect
                0x0000000000003a2c        0xc /home/hackallofit/pebble-dev/PebbleSDK-3.4/Pebble/aplite/lib/libpebble.a(tmpDuxwpQpebble.o)
                0x0000000000003a2c                property_animation_update_grect
 .text.resource_get_handle
                0x0000000000003a38        0xc /home/hackallofit/pebble-dev/PebbleSDK-3.4/Pebble/aplite/lib/libpebble.a(tmpDuxwpQpebble.o)
                0x0000000000003a38                resource_get_handle
 .text.scroll_layer_add_child
                0x0000000000003a44        0xc /home/hackallofit/pebble-dev/PebbleSDK-3.4/Pebble/aplite/lib/libpebble.a(tmpDuxwpQpebble.o)
                0x0000000000003a44                scroll_layer_add_child
 .text.scroll_layer_create
                0x0000000000003a50        0xc /home/hackallofit/pebble-dev/PebbleSDK-3.4/Pebble/aplite/lib/libpebble.a(tmpDuxwpQpebble.o)
                0x0000000000003a50                scroll_layer_create
 .text.scroll_layer_destroy
                0x0000000000003a5c        0xc /home/hackallofit/pebble-dev/PebbleSDK-3.4/Pebble/aplite/lib/libpebble.a(tmpDuxwpQpebble.o)
                0x0000000000003a5c                scroll_layer_destroy
 .text.scroll_layer_get_content_offset
                0x0000000000003a68        0xc /home/hackallofit/pebble-dev/PebbleSDK-3.4/Pebble/aplite/lib/libpebble.a(tmpDuxwpQpebble.o)
                0x0000000000003a68                scroll_layer_get_content_offset
 .text.scroll_layer_get_layer
                0x0000000000003a74        0xc /home/hackallofit/pebble-dev/PebbleSDK-3.4/Pebble/aplite/lib/libpebble.a(tmpDuxwpQpebble.o)
                0x0000000000003a74                scroll_layer_get_layer
 .text.scroll_layer_set_click_config_onto_window
                0x0000000000003a80        0xc /home/hackallofit/pebble-dev/PebbleSDK-3.4/Pebble/aplite/lib/libpebble.a(tmpDuxwpQpebble.o)
                0x0000000000003a80                scroll_layer_set_click_config_onto_window
 .text.scroll_layer_set_content_offset
                0x0000000000003a8c        0xc /home/hackallofit/pebble-dev/PebbleSDK-3.4/Pebble/aplite/lib/libpebble.a(tmpDuxwpQpebble.o)
                0x0000000000003a8c                scroll_layer_set_content_offset
 .text.scroll_layer_set_content_size
                0x0000000000003a98        0xc /home/hackallofit/pebble-dev/PebbleSDK-3.4/Pebble/aplite/lib/libpebble.a(tmpDuxwpQpebble.o)
                0x0000000000003a98                scroll_layer_set_content_size
 .text.scroll_layer_set_context
                0x0000000000003aa4        0xc /home/hackallofit/pebble-dev/PebbleSDK-3.4/Pebble/aplite/lib/libpebble.a(tmpDuxwpQpebble.o)
                0x0000000000003aa4                scroll_layer_set_context
 .text.scroll_layer_set_frame
                0x0000000000003ab0        0xc /home/hackallofit/pebble-dev/PebbleSDK-3.4/Pebble/aplite/lib/libpebble.a(tmpDuxwpQpebble.o)
                0x0000000000003ab0                scroll_layer_set_frame
 .text.scroll_layer_set_shadow_hidden
                0x0000000000003abc        0xc /home/hackallofit/pebble-dev/PebbleSDK-3.4/Pebble/aplite/lib/libpebble.a(tmpDuxwpQpebble.o)
                0x0000000000003abc                scroll_layer_set_shadow_hidden
 .text.sin_lookup
                0x0000000000003ac8        0xc /home/hackallofit/pebble-dev/PebbleSDK-3.4/Pebble/aplite/lib/libpebble.a(tmpDuxwpQpebble.o)
                0x0000000000003ac8                sin_lookup
 .text.strftime
                0x0000000000003ad4        0xc /home/hackallofit/pebble-dev/PebbleSDK-3.4/Pebble/aplite/lib/libpebble.a(tmpDuxwpQpebble.o)
                0x0000000000003ad4                strftime
 .text.strlen   0x0000000000003ae0        0xc /home/hackallofit/pebble-dev/PebbleSDK-3.4/Pebble/aplite/lib/libpebble.a(tmpDuxwpQpebble.o)
                0x0000000000003ae0                strlen
 .text.strncpy  0x0000000000003aec        0xc /home/hackallofit/pebble-dev/PebbleSDK-3.4/Pebble/aplite/lib/libpebble.a(tmpDuxwpQpebble.o)
                0x0000000000003aec                strncpy
 .text.tick_timer_service_subscribe
                0x0000000000003af8        0xc /home/hackallofit/pebble-dev/PebbleSDK-3.4/Pebble/aplite/lib/libpebble.a(tmpDuxwpQpebble.o)
                0x0000000000003af8                tick_timer_service_subscribe
 .text.tick_timer_service_unsubscribe
                0x0000000000003b04        0xc /home/hackallofit/pebble-dev/PebbleSDK-3.4/Pebble/aplite/lib/libpebble.a(tmpDuxwpQpebble.o)
                0x0000000000003b04                tick_timer_service_unsubscribe
 .text.time     0x0000000000003b10        0xc /home/hackallofit/pebble-dev/PebbleSDK-3.4/Pebble/aplite/lib/libpebble.a(tmpDuxwpQpebble.o)
                0x0000000000003b10                time
 .text.time_ms  0x0000000000003b1c        0xc /home/hackallofit/pebble-dev/PebbleSDK-3.4/Pebble/aplite/lib/libpebble.a(tmpDuxwpQpebble.o)
                0x0000000000003b1c                time_ms
 .text.vibes_double_pulse
                0x0000000000003b28        0xc /home/hackallofit/pebble-dev/PebbleSDK-3.4/Pebble/aplite/lib/libpebble.a(tmpDuxwpQpebble.o)
                0x0000000000003b28                vibes_double_pulse
 .text.vibes_long_pulse
                0x0000000000003b34        0xc /home/hackallofit/pebble-dev/PebbleSDK-3.4/Pebble/aplite/lib/libpebble.a(tmpDuxwpQpebble.o)
                0x0000000000003b34                vibes_long_pulse
 .text.vibes_short_pulse
                0x0000000000003b40        0xc /home/hackallofit/pebble-dev/PebbleSDK-3.4/Pebble/aplite/lib/libpebble.a(tmpDuxwpQpebble.o)
                0x0000000000003b40                vibes_short_pulse
 .text.window_create
                0x0000000000003b4c        0xc /home/hackallofit/pebble-dev/PebbleSDK-3.4/Pebble/aplite/lib/libpebble.a(tmpDuxwpQpebble.o)
                0x0000000000003b4c                window_create
 .text.window_destroy
                0x0000000000003b58        0xc /home/hackallofit/pebble-dev/PebbleSDK-3.4/Pebble/aplite/lib/libpebble.a(tmpDuxwpQpebble.o)
                0x0000000000003b58                window_destroy
 .text.window_get_click_config_provider
                0x0000000000003b64        0xc /home/hackallofit/pebble-dev/PebbleSDK-3.4/Pebble/aplite/lib/libpebble.a(tmpDuxwpQpebble.o)
                0x0000000000003b64                window_get_click_config_provider
 .text.window_get_root_layer
                0x0000000000003b70        0xc /home/hackallofit/pebble-dev/PebbleSDK-3.4/Pebble/aplite/lib/libpebble.a(tmpDuxwpQpebble.o)
                0x0000000000003b70                window_get_root_layer
 .text.window_set_background_color
                0x0000000000003b7c        0xc /home/hackallofit/pebble-dev/PebbleSDK-3.4/Pebble/aplite/lib/libpebble.a(tmpDuxwpQpebble.o)
                0x0000000000003b7c                window_set_background_color
 .text.window_set_click_config_provider_with_context
                0x0000000000003b88        0xc /home/hackallofit/pebble-dev/PebbleSDK-3.4/Pebble/aplite/lib/libpebble.a(tmpDuxwpQpebble.o)
                0x0000000000003b88                window_set_click_config_provider_with_context
 .text.window_set_fullscreen
                0x0000000000003b94        0xc /home/hackallofit/pebble-dev/PebbleSDK-3.4/Pebble/aplite/lib/libpebble.a(tmpDuxwpQpebble.o)
                0x0000000000003b94                window_set_fullscreen
 .text.window_set_window_handlers
                0x0000000000003ba0        0xc /home/hackallofit/pebble-dev/PebbleSDK-3.4/Pebble/aplite/lib/libpebble.a(tmpDuxwpQpebble.o)
                0x0000000000003ba0                window_set_window_handlers
 .text.window_stack_contains_window
                0x0000000000003bac        0xc /home/hackallofit/pebble-dev/PebbleSDK-3.4/Pebble/aplite/lib/libpebble.a(tmpDuxwpQpebble.o)
                0x0000000000003bac                window_stack_contains_window
 .text.window_stack_get_top_window
                0x0000000000003bb8        0xc /home/hackallofit/pebble-dev/PebbleSDK-3.4/Pebble/aplite/lib/libpebble.a(tmpDuxwpQpebble.o)
                0x0000000000003bb8                window_stack_get_top_window
 .text.window_stack_pop
                0x0000000000003bc4        0xc /home/hackallofit/pebble-dev/PebbleSDK-3.4/Pebble/aplite/lib/libpebble.a(tmpDuxwpQpebble.o)
                0x0000000000003bc4                window_stack_pop
 .text.window_stack_pop_all
                0x0000000000003bd0        0xc /home/hackallofit/pebble-dev/PebbleSDK-3.4/Pebble/aplite/lib/libpebble.a(tmpDuxwpQpebble.o)
                0x0000000000003bd0                window_stack_pop_all
 .text.window_stack_push
                0x0000000000003bdc        0xc /home/hackallofit/pebble-dev/PebbleSDK-3.4/Pebble/aplite/lib/libpebble.a(tmpDuxwpQpebble.o)
                0x0000000000003bdc                window_stack_push
 .text.window_stack_remove
                0x0000000000003be8        0xc /home/hackallofit/pebble-dev/PebbleSDK-3.4/Pebble/aplite/lib/libpebble.a(tmpDuxwpQpebble.o)
                0x0000000000003be8                window_stack_remove
 .text.window_get_user_data
                0x0000000000003bf4        0xc /home/hackallofit/pebble-dev/PebbleSDK-3.4/Pebble/aplite/lib/libpebble.a(tmpDuxwpQpebble.o)
                0x0000000000003bf4                window_get_user_data
 .text.window_set_user_data
                0x0000000000003c00        0xc /home/hackallofit/pebble-dev/PebbleSDK-3.4/Pebble/aplite/lib/libpebble.a(tmpDuxwpQpebble.o)
                0x0000000000003c00                window_set_user_data
 .text.app_message_outbox_begin
                0x0000000000003c0c        0xc /home/hackallofit/pebble-dev/PebbleSDK-3.4/Pebble/aplite/lib/libpebble.a(tmpDuxwpQpebble.o)
                0x0000000000003c0c                app_message_outbox_begin
 .text.app_message_outbox_send
                0x0000000000003c18        0xc /home/hackallofit/pebble-dev/PebbleSDK-3.4/Pebble/aplite/lib/libpebble.a(tmpDuxwpQpebble.o)
                0x0000000000003c18                app_message_outbox_send
 .text.app_message_register_inbox_dropped
                0x0000000000003c24        0xc /home/hackallofit/pebble-dev/PebbleSDK-3.4/Pebble/aplite/lib/libpebble.a(tmpDuxwpQpebble.o)
                0x0000000000003c24                app_message_register_inbox_dropped
 .text.app_message_register_inbox_received
                0x0000000000003c30        0xc /home/hackallofit/pebble-dev/PebbleSDK-3.4/Pebble/aplite/lib/libpebble.a(tmpDuxwpQpebble.o)
                0x0000000000003c30                app_message_register_inbox_received
 .text.app_message_register_outbox_failed
                0x0000000000003c3c        0xc /home/hackallofit/pebble-dev/PebbleSDK-3.4/Pebble/aplite/lib/libpebble.a(tmpDuxwpQpebble.o)
                0x0000000000003c3c                app_message_register_outbox_failed
 .text.app_message_register_outbox_sent
                0x0000000000003c48        0xc /home/hackallofit/pebble-dev/PebbleSDK-3.4/Pebble/aplite/lib/libpebble.a(tmpDuxwpQpebble.o)
                0x0000000000003c48                app_message_register_outbox_sent
 .text.app_message_set_context
                0x0000000000003c54        0xc /home/hackallofit/pebble-dev/PebbleSDK-3.4/Pebble/aplite/lib/libpebble.a(tmpDuxwpQpebble.o)
                0x0000000000003c54                app_message_set_context
 .text.window_long_click_subscribe
                0x0000000000003c60        0xc /home/hackallofit/pebble-dev/PebbleSDK-3.4/Pebble/aplite/lib/libpebble.a(tmpDuxwpQpebble.o)
                0x0000000000003c60                window_long_click_subscribe
 .text.window_set_click_context
                0x0000000000003c6c        0xc /home/hackallofit/pebble-dev/PebbleSDK-3.4/Pebble/aplite/lib/libpebble.a(tmpDuxwpQpebble.o)
                0x0000000000003c6c                window_set_click_context
 .text.window_single_click_subscribe
                0x0000000000003c78        0xc /home/hackallofit/pebble-dev/PebbleSDK-3.4/Pebble/aplite/lib/libpebble.a(tmpDuxwpQpebble.o)
                0x0000000000003c78                window_single_click_subscribe
 .text.graphics_draw_text
                0x0000000000003c84        0xc /home/hackallofit/pebble-dev/PebbleSDK-3.4/Pebble/aplite/lib/libpebble.a(tmpDuxwpQpebble.o)
                0x0000000000003c84                graphics_draw_text
 .text.graphics_text_layout_get_content_size
                0x0000000000003c90        0xc /home/hackallofit/pebble-dev/PebbleSDK-3.4/Pebble/aplite/lib/libpebble.a(tmpDuxwpQpebble.o)
                0x0000000000003c90                graphics_text_layout_get_content_size
 .text.accel_data_service_subscribe
                0x0000000000003c9c        0xc /home/hackallofit/pebble-dev/PebbleSDK-3.4/Pebble/aplite/lib/libpebble.a(tmpDuxwpQpebble.o)
                0x0000000000003c9c                accel_data_service_subscribe
 .text.menu_layer_set_callbacks
                0x0000000000003ca8        0xc /home/hackallofit/pebble-dev/PebbleSDK-3.4/Pebble/aplite/lib/libpebble.a(tmpDuxwpQpebble.o)
                0x0000000000003ca8                menu_layer_set_callbacks
 .text.__gbitmap_create_blank
                0x0000000000003cb4        0xc /home/hackallofit/pebble-dev/PebbleSDK-3.4/Pebble/aplite/lib/libpebble.a(tmpDuxwpQpebble.o)
                0x0000000000003cb4                __gbitmap_create_blank
 .text.launch_reason
                0x0000000000003cc0        0xc /home/hackallofit/pebble-dev/PebbleSDK-3.4/Pebble/aplite/lib/libpebble.a(tmpDuxwpQpebble.o)
                0x0000000000003cc0                launch_reason
 .text.wakeup_cancel
                0x0000000000003ccc        0xc /home/hackallofit/pebble-dev/PebbleSDK-3.4/Pebble/aplite/lib/libpebble.a(tmpDuxwpQpebble.o)
                0x0000000000003ccc                wakeup_cancel
 .text.wakeup_cancel_all
                0x0000000000003cd8        0xc /home/hackallofit/pebble-dev/PebbleSDK-3.4/Pebble/aplite/lib/libpebble.a(tmpDuxwpQpebble.o)
                0x0000000000003cd8                wakeup_cancel_all
 .text.wakeup_get_launch_event
                0x0000000000003ce4        0xc /home/hackallofit/pebble-dev/PebbleSDK-3.4/Pebble/aplite/lib/libpebble.a(tmpDuxwpQpebble.o)
                0x0000000000003ce4                wakeup_get_launch_event
 .text.wakeup_schedule
                0x0000000000003cf0        0xc /home/hackallofit/pebble-dev/PebbleSDK-3.4/Pebble/aplite/lib/libpebble.a(tmpDuxwpQpebble.o)
                0x0000000000003cf0                wakeup_schedule
 .text.wakeup_service_subscribe
                0x0000000000003cfc        0xc /home/hackallofit/pebble-dev/PebbleSDK-3.4/Pebble/aplite/lib/libpebble.a(tmpDuxwpQpebble.o)
                0x0000000000003cfc                wakeup_service_subscribe
 .text.clock_is_timezone_set
                0x0000000000003d08        0xc /home/hackallofit/pebble-dev/PebbleSDK-3.4/Pebble/aplite/lib/libpebble.a(tmpDuxwpQpebble.o)
                0x0000000000003d08                clock_is_timezone_set
 *(.rodata)
 *(.rodata*)
 .rodata.str1.1
                0x0000000000003d14       0x1b src/simply/simply_menu.c.11.o
 .rodata.str1.1
                0x0000000000003d2f       0x26 src/simply/simply_msg.c.11.o
 .rodata.str1.1
                0x0000000000003d55       0x16 src/simply/simply_stage.c.11.o
 .rodata.str1.1
                0x0000000000003d6b       0x7d src/simply/simply_ui.c.11.o

.glue_7         0x0000000000003de8        0x0
 .glue_7        0x0000000000000000        0x0 linker stubs

.glue_7t        0x0000000000003de8        0x0
 .glue_7t       0x0000000000000000        0x0 linker stubs

.vfp11_veneer   0x0000000000003de8        0x0
 .vfp11_veneer  0x0000000000000000        0x0 linker stubs

.v4_bx          0x0000000000003de8        0x0
 .v4_bx         0x0000000000000000        0x0 linker stubs

.iplt           0x0000000000003de8        0x0
 .iplt          0x0000000000000000        0x0 /home/hackallofit/pebble-dev/PebbleSDK-3.4/arm-cs-tools/bin/../lib/gcc/arm-none-eabi/4.7.2/thumb2/crtbegin.o

.rel.dyn        0x0000000000003de8        0x0
 .rel.iplt      0x0000000000000000        0x0 /home/hackallofit/pebble-dev/PebbleSDK-3.4/arm-cs-tools/bin/../lib/gcc/arm-none-eabi/4.7.2/thumb2/crtbegin.o

.ARM.exidx      0x0000000000003de8        0x8
 .ARM.exidx     0x0000000000003de8        0x8 /home/hackallofit/pebble-dev/PebbleSDK-3.4/arm-cs-tools/bin/../lib/gcc/arm-none-eabi/4.7.2/thumb2/libgcc.a(_divdi3.o)
 .ARM.exidx     0x0000000000003df0        0x0 /home/hackallofit/pebble-dev/PebbleSDK-3.4/arm-cs-tools/bin/../lib/gcc/arm-none-eabi/4.7.2/thumb2/libgcc.a(_udivdi3.o)
                                          0x8 (size before relaxing)

.data           0x0000000000003df0       0x7b
 *(.data)
 .data          0x0000000000003df0        0x0 /home/hackallofit/pebble-dev/PebbleSDK-3.4/arm-cs-tools/bin/../lib/gcc/arm-none-eabi/4.7.2/thumb2/crti.o
 .data          0x0000000000003df0        0x4 /home/hackallofit/pebble-dev/PebbleSDK-3.4/arm-cs-tools/bin/../lib/gcc/arm-none-eabi/4.7.2/thumb2/crtbegin.o
                0x0000000000003df0                __dso_handle
 .data          0x0000000000003df4        0x0 src/main.c.11.o
 .data          0x0000000000003df4        0x0 src/simply/simply.c.11.o
 .data          0x0000000000003df4        0x0 src/simply/simply_accel.c.11.o
 .data          0x0000000000003df4        0x0 src/simply/simply_menu.c.11.o
 .data          0x0000000000003df4        0x0 src/simply/simply_msg.c.11.o
 .data          0x0000000000003df4        0x0 src/simply/simply_res.c.11.o
 .data          0x0000000000003df4        0x0 src/simply/simply_splash.c.11.o
 .data          0x0000000000003df4        0x0 src/simply/simply_stage.c.11.o
 .data          0x0000000000003df4        0x0 src/simply/simply_ui.c.11.o
 .data          0x0000000000003df4        0x0 src/simply/simply_wakeup.c.11.o
 .data          0x0000000000003df4        0x0 src/simply/simply_window.c.11.o
 .data          0x0000000000003df4        0x0 src/simply/simply_window_stack.c.11.o
 .data          0x0000000000003df4        0x0 aplite/appinfo.auto.c.11.o
 .data          0x0000000000003df4        0x0 /home/hackallofit/pebble-dev/PebbleSDK-3.4/Pebble/aplite/lib/libpebble.a(tmpDuxwpQpebble.o)
 .data          0x0000000000003df4        0x0 /home/hackallofit/pebble-dev/PebbleSDK-3.4/arm-cs-tools/bin/../lib/gcc/arm-none-eabi/4.7.2/thumb2/libgcc.a(_aeabi_ldivmod.o)
 .data          0x0000000000003df4        0x0 /home/hackallofit/pebble-dev/PebbleSDK-3.4/arm-cs-tools/bin/../lib/gcc/arm-none-eabi/4.7.2/thumb2/libgcc.a(bpabi.o)
 .data          0x0000000000003df4        0x0 /home/hackallofit/pebble-dev/PebbleSDK-3.4/arm-cs-tools/bin/../lib/gcc/arm-none-eabi/4.7.2/thumb2/libgcc.a(_dvmd_tls.o)
 .data          0x0000000000003df4        0x0 /home/hackallofit/pebble-dev/PebbleSDK-3.4/arm-cs-tools/bin/../lib/gcc/arm-none-eabi/4.7.2/thumb2/libgcc.a(_divdi3.o)
 .data          0x0000000000003df4        0x0 /home/hackallofit/pebble-dev/PebbleSDK-3.4/arm-cs-tools/bin/../lib/gcc/arm-none-eabi/4.7.2/thumb2/libgcc.a(_udivdi3.o)
 .data          0x0000000000003df4        0x0 /home/hackallofit/pebble-dev/PebbleSDK-3.4/arm-cs-tools/bin/../lib/gcc/arm-none-eabi/4.7.2/thumb2/libgcc.a(_udivsi3.o)
 .data          0x0000000000003df4        0x0 /home/hackallofit/pebble-dev/PebbleSDK-3.4/arm-cs-tools/bin/../lib/gcc/arm-none-eabi/4.7.2/thumb2/crtend.o
 .data          0x0000000000003df4        0x0 /home/hackallofit/pebble-dev/PebbleSDK-3.4/arm-cs-tools/bin/../lib/gcc/arm-none-eabi/4.7.2/thumb2/crtn.o
 *(.data.*)
 .data.rel.ro.local.s_window_handlers.7589
                0x0000000000003df4       0x10 src/simply/simply_menu.c.11.o
 .data.rel.ro.local.s_window_handlers.7624
                0x0000000000003e04       0x10 src/simply/simply_stage.c.11.o
 .data.rel.ro.implementation.7511
                0x0000000000003e14       0x14 src/simply/simply_stage.c.11.o
 .data.rel.ro.local.s_window_handlers.7362
                0x0000000000003e28       0x10 src/simply/simply_ui.c.11.o
 .data.rel.local.STYLES
                0x0000000000003e38       0x30 src/simply/simply_ui.c.11.o
 .data.s_button_palette
                0x0000000000003e68        0x2 src/simply/simply_window.c.11.o
 .data.s_broadcast_window
                0x0000000000003e6a        0x1 src/simply/simply_window_stack.c.11.o

.igot.plt       0x0000000000003e6c        0x0
 .igot.plt      0x0000000000000000        0x0 /home/hackallofit/pebble-dev/PebbleSDK-3.4/arm-cs-tools/bin/../lib/gcc/arm-none-eabi/4.7.2/thumb2/crtbegin.o

.bss            0x0000000000003e6c      0x114
 *(.bss)
 *(.bss.*)
 .bss.s_accel   0x0000000000003e6c        0x4 src/simply/simply_accel.c.11.o
 .bss.s_provider.7186
                0x0000000000003e70        0x4 src/simply/simply_menu.c.11.o
 .bss.EMPTY_TITLE
                0x0000000000003e74        0x1 src/simply/simply_menu.c.11.o
 .bss.s_has_communicated
                0x0000000000003e75        0x1 src/simply/simply_msg.c.11.o
 *fill*         0x0000000000003e76        0x2 
 .bss.s_msg     0x0000000000003e78        0x4 src/simply/simply_msg.c.11.o
 .bss.time_text.7409
                0x0000000000003e7c      0x100 src/simply/simply_stage.c.11.o
 .bss.s_provider.7186
                0x0000000000003f7c        0x4 src/simply/simply_window.c.11.o

DISCARD
 libc.a(*)
 libm.a(*)
 libgcc.a(*)
 *(.eh_frame)
OUTPUT(/home/hackallofit/Workspace/pebblejs/build/aplite/pebble-app.elf elf32-littlearm)

.ARM.attributes
                0x0000000000000000       0x27
 .ARM.attributes
                0x0000000000000000       0x19 /home/hackallofit/pebble-dev/PebbleSDK-3.4/arm-cs-tools/bin/../lib/gcc/arm-none-eabi/4.7.2/thumb2/crti.o
 .ARM.attributes
                0x0000000000000019       0x29 /home/hackallofit/pebble-dev/PebbleSDK-3.4/arm-cs-tools/bin/../lib/gcc/arm-none-eabi/4.7.2/thumb2/crtbegin.o
 .ARM.attributes
                0x0000000000000042       0x33 src/main.c.11.o
 .ARM.attributes
                0x0000000000000075       0x33 src/simply/simply.c.11.o
 .ARM.attributes
                0x00000000000000a8       0x33 src/simply/simply_accel.c.11.o
 .ARM.attributes
                0x00000000000000db       0x33 src/simply/simply_menu.c.11.o
 .ARM.attributes
                0x000000000000010e       0x33 src/simply/simply_msg.c.11.o
 .ARM.attributes
                0x0000000000000141       0x33 src/simply/simply_res.c.11.o
 .ARM.attributes
                0x0000000000000174       0x33 src/simply/simply_splash.c.11.o
 .ARM.attributes
                0x00000000000001a7       0x33 src/simply/simply_stage.c.11.o
 .ARM.attributes
                0x00000000000001da       0x33 src/simply/simply_ui.c.11.o
 .ARM.attributes
                0x000000000000020d       0x33 src/simply/simply_wakeup.c.11.o
 .ARM.attributes
                0x0000000000000240       0x33 src/simply/simply_window.c.11.o
 .ARM.attributes
                0x0000000000000273       0x33 src/simply/simply_window_stack.c.11.o
 .ARM.attributes
                0x00000000000002a6       0x33 aplite/appinfo.auto.c.11.o
 .ARM.attributes
                0x00000000000002d9       0x21 /home/hackallofit/pebble-dev/PebbleSDK-3.4/Pebble/aplite/lib/libpebble.a(tmpDuxwpQpebble.o)
 .ARM.attributes
                0x00000000000002fa       0x19 /home/hackallofit/pebble-dev/PebbleSDK-3.4/arm-cs-tools/bin/../lib/gcc/arm-none-eabi/4.7.2/thumb2/libgcc.a(_aeabi_ldivmod.o)
 .ARM.attributes
                0x0000000000000313       0x29 /home/hackallofit/pebble-dev/PebbleSDK-3.4/arm-cs-tools/bin/../lib/gcc/arm-none-eabi/4.7.2/thumb2/libgcc.a(bpabi.o)
 .ARM.attributes
                0x000000000000033c       0x19 /home/hackallofit/pebble-dev/PebbleSDK-3.4/arm-cs-tools/bin/../lib/gcc/arm-none-eabi/4.7.2/thumb2/libgcc.a(_dvmd_tls.o)
 .ARM.attributes
                0x0000000000000355       0x29 /home/hackallofit/pebble-dev/PebbleSDK-3.4/arm-cs-tools/bin/../lib/gcc/arm-none-eabi/4.7.2/thumb2/libgcc.a(_divdi3.o)
 .ARM.attributes
                0x000000000000037e       0x29 /home/hackallofit/pebble-dev/PebbleSDK-3.4/arm-cs-tools/bin/../lib/gcc/arm-none-eabi/4.7.2/thumb2/libgcc.a(_udivdi3.o)
 .ARM.attributes
                0x00000000000003a7       0x19 /home/hackallofit/pebble-dev/PebbleSDK-3.4/arm-cs-tools/bin/../lib/gcc/arm-none-eabi/4.7.2/thumb2/libgcc.a(_udivsi3.o)
 .ARM.attributes
                0x00000000000003c0       0x29 /home/hackallofit/pebble-dev/PebbleSDK-3.4/arm-cs-tools/bin/../lib/gcc/arm-none-eabi/4.7.2/thumb2/crtend.o
 .ARM.attributes
                0x00000000000003e9       0x19 /home/hackallofit/pebble-dev/PebbleSDK-3.4/arm-cs-tools/bin/../lib/gcc/arm-none-eabi/4.7.2/thumb2/crtn.o

.comment        0x0000000000000000       0x4e
 .comment       0x0000000000000000       0x4e /home/hackallofit/pebble-dev/PebbleSDK-3.4/arm-cs-tools/bin/../lib/gcc/arm-none-eabi/4.7.2/thumb2/crtbegin.o
                                         0x4f (size before relaxing)
 .comment       0x0000000000000000       0x4f src/main.c.11.o
 .comment       0x0000000000000000       0x4f src/simply/simply.c.11.o
 .comment       0x0000000000000000       0x4f src/simply/simply_accel.c.11.o
 .comment       0x0000000000000000       0x4f src/simply/simply_menu.c.11.o
 .comment       0x0000000000000000       0x4f src/simply/simply_msg.c.11.o
 .comment       0x0000000000000000       0x4f src/simply/simply_res.c.11.o
 .comment       0x0000000000000000       0x4f src/simply/simply_splash.c.11.o
 .comment       0x0000000000000000       0x4f src/simply/simply_stage.c.11.o
 .comment       0x0000000000000000       0x4f src/simply/simply_ui.c.11.o
 .comment       0x0000000000000000       0x4f src/simply/simply_wakeup.c.11.o
 .comment       0x0000000000000000       0x4f src/simply/simply_window.c.11.o
 .comment       0x0000000000000000       0x4f src/simply/simply_window_stack.c.11.o
 .comment       0x0000000000000000       0x4f aplite/appinfo.auto.c.11.o
 .comment       0x0000000000000000       0x4f /home/hackallofit/pebble-dev/PebbleSDK-3.4/arm-cs-tools/bin/../lib/gcc/arm-none-eabi/4.7.2/thumb2/libgcc.a(bpabi.o)
 .comment       0x0000000000000000       0x4f /home/hackallofit/pebble-dev/PebbleSDK-3.4/arm-cs-tools/bin/../lib/gcc/arm-none-eabi/4.7.2/thumb2/libgcc.a(_divdi3.o)
 .comment       0x0000000000000000       0x4f /home/hackallofit/pebble-dev/PebbleSDK-3.4/arm-cs-tools/bin/../lib/gcc/arm-none-eabi/4.7.2/thumb2/libgcc.a(_udivdi3.o)
 .comment       0x0000000000000000       0x4f /home/hackallofit/pebble-dev/PebbleSDK-3.4/arm-cs-tools/bin/../lib/gcc/arm-none-eabi/4.7.2/thumb2/crtend.o

.debug_info     0x0000000000000000    0x153ca
 .debug_info    0x0000000000000000      0x23c src/main.c.11.o
 .debug_info    0x000000000000023c      0xd7a src/simply/simply.c.11.o
 .debug_info    0x0000000000000fb6      0xd38 src/simply/simply_accel.c.11.o
 .debug_info    0x0000000000001cee     0x3e14 src/simply/simply_menu.c.11.o
 .debug_info    0x0000000000005b02     0x251f src/simply/simply_msg.c.11.o
 .debug_info    0x0000000000008021     0x13c0 src/simply/simply_res.c.11.o
 .debug_info    0x00000000000093e1      0x94e src/simply/simply_splash.c.11.o
 .debug_info    0x0000000000009d2f     0x4027 src/simply/simply_stage.c.11.o
 .debug_info    0x000000000000dd56     0x24fe src/simply/simply_ui.c.11.o
 .debug_info    0x0000000000010254      0xb46 src/simply/simply_wakeup.c.11.o
 .debug_info    0x0000000000010d9a     0x223e src/simply/simply_window.c.11.o
 .debug_info    0x0000000000012fd8     0x1060 src/simply/simply_window_stack.c.11.o
 .debug_info    0x0000000000014038      0x31f aplite/appinfo.auto.c.11.o
 .debug_info    0x0000000000014357       0xb2 /home/hackallofit/pebble-dev/PebbleSDK-3.4/arm-cs-tools/bin/../lib/gcc/arm-none-eabi/4.7.2/thumb2/libgcc.a(_aeabi_ldivmod.o)
 .debug_info    0x0000000000014409      0x174 /home/hackallofit/pebble-dev/PebbleSDK-3.4/arm-cs-tools/bin/../lib/gcc/arm-none-eabi/4.7.2/thumb2/libgcc.a(bpabi.o)
 .debug_info    0x000000000001457d       0xb6 /home/hackallofit/pebble-dev/PebbleSDK-3.4/arm-cs-tools/bin/../lib/gcc/arm-none-eabi/4.7.2/thumb2/libgcc.a(_dvmd_tls.o)
 .debug_info    0x0000000000014633      0x68f /home/hackallofit/pebble-dev/PebbleSDK-3.4/arm-cs-tools/bin/../lib/gcc/arm-none-eabi/4.7.2/thumb2/libgcc.a(_divdi3.o)
 .debug_info    0x0000000000014cc2      0x652 /home/hackallofit/pebble-dev/PebbleSDK-3.4/arm-cs-tools/bin/../lib/gcc/arm-none-eabi/4.7.2/thumb2/libgcc.a(_udivdi3.o)
 .debug_info    0x0000000000015314       0xb6 /home/hackallofit/pebble-dev/PebbleSDK-3.4/arm-cs-tools/bin/../lib/gcc/arm-none-eabi/4.7.2/thumb2/libgcc.a(_udivsi3.o)

.debug_abbrev   0x0000000000000000     0x35fd
 .debug_abbrev  0x0000000000000000      0x14d src/main.c.11.o
 .debug_abbrev  0x000000000000014d      0x2bc src/simply/simply.c.11.o
 .debug_abbrev  0x0000000000000409      0x354 src/simply/simply_accel.c.11.o
 .debug_abbrev  0x000000000000075d      0x625 src/simply/simply_menu.c.11.o
 .debug_abbrev  0x0000000000000d82      0x5a7 src/simply/simply_msg.c.11.o
 .debug_abbrev  0x0000000000001329      0x484 src/simply/simply_res.c.11.o
 .debug_abbrev  0x00000000000017ad      0x2d7 src/simply/simply_splash.c.11.o
 .debug_abbrev  0x0000000000001a84      0x5fe src/simply/simply_stage.c.11.o
 .debug_abbrev  0x0000000000002082      0x566 src/simply/simply_ui.c.11.o
 .debug_abbrev  0x00000000000025e8      0x30b src/simply/simply_wakeup.c.11.o
 .debug_abbrev  0x00000000000028f3      0x52b src/simply/simply_window.c.11.o
 .debug_abbrev  0x0000000000002e1e      0x3b2 src/simply/simply_window_stack.c.11.o
 .debug_abbrev  0x00000000000031d0       0x9e aplite/appinfo.auto.c.11.o
 .debug_abbrev  0x000000000000326e       0x14 /home/hackallofit/pebble-dev/PebbleSDK-3.4/arm-cs-tools/bin/../lib/gcc/arm-none-eabi/4.7.2/thumb2/libgcc.a(_aeabi_ldivmod.o)
 .debug_abbrev  0x0000000000003282       0xb7 /home/hackallofit/pebble-dev/PebbleSDK-3.4/arm-cs-tools/bin/../lib/gcc/arm-none-eabi/4.7.2/thumb2/libgcc.a(bpabi.o)
 .debug_abbrev  0x0000000000003339       0x14 /home/hackallofit/pebble-dev/PebbleSDK-3.4/arm-cs-tools/bin/../lib/gcc/arm-none-eabi/4.7.2/thumb2/libgcc.a(_dvmd_tls.o)
 .debug_abbrev  0x000000000000334d      0x151 /home/hackallofit/pebble-dev/PebbleSDK-3.4/arm-cs-tools/bin/../lib/gcc/arm-none-eabi/4.7.2/thumb2/libgcc.a(_divdi3.o)
 .debug_abbrev  0x000000000000349e      0x14b /home/hackallofit/pebble-dev/PebbleSDK-3.4/arm-cs-tools/bin/../lib/gcc/arm-none-eabi/4.7.2/thumb2/libgcc.a(_udivdi3.o)
 .debug_abbrev  0x00000000000035e9       0x14 /home/hackallofit/pebble-dev/PebbleSDK-3.4/arm-cs-tools/bin/../lib/gcc/arm-none-eabi/4.7.2/thumb2/libgcc.a(_udivsi3.o)

.debug_loc      0x0000000000000000     0x9632
 .debug_loc     0x0000000000000000       0x3e src/main.c.11.o
 .debug_loc     0x000000000000003e       0x7c src/simply/simply.c.11.o
 .debug_loc     0x00000000000000ba      0x4dc src/simply/simply_accel.c.11.o
 .debug_loc     0x0000000000000596     0x1d4d src/simply/simply_menu.c.11.o
 .debug_loc     0x00000000000022e3      0xbc5 src/simply/simply_msg.c.11.o
 .debug_loc     0x0000000000002ea8      0xc53 src/simply/simply_res.c.11.o
 .debug_loc     0x0000000000003afb      0x1ec src/simply/simply_splash.c.11.o
 .debug_loc     0x0000000000003ce7     0x15b0 src/simply/simply_stage.c.11.o
 .debug_loc     0x0000000000005297      0xef6 src/simply/simply_ui.c.11.o
 .debug_loc     0x000000000000618d      0x322 src/simply/simply_wakeup.c.11.o
 .debug_loc     0x00000000000064af      0xbc6 src/simply/simply_window.c.11.o
 .debug_loc     0x0000000000007075      0x6ba src/simply/simply_window_stack.c.11.o
 .debug_loc     0x000000000000772f       0xe0 /home/hackallofit/pebble-dev/PebbleSDK-3.4/arm-cs-tools/bin/../lib/gcc/arm-none-eabi/4.7.2/thumb2/libgcc.a(bpabi.o)
 .debug_loc     0x000000000000780f      0xebd /home/hackallofit/pebble-dev/PebbleSDK-3.4/arm-cs-tools/bin/../lib/gcc/arm-none-eabi/4.7.2/thumb2/libgcc.a(_divdi3.o)
 .debug_loc     0x00000000000086cc      0xf66 /home/hackallofit/pebble-dev/PebbleSDK-3.4/arm-cs-tools/bin/../lib/gcc/arm-none-eabi/4.7.2/thumb2/libgcc.a(_udivdi3.o)

.debug_aranges  0x0000000000000000      0x6e0
 .debug_aranges
                0x0000000000000000       0x20 src/main.c.11.o
 .debug_aranges
                0x0000000000000020       0x28 src/simply/simply.c.11.o
 .debug_aranges
                0x0000000000000048       0x50 src/simply/simply_accel.c.11.o
 .debug_aranges
                0x0000000000000098      0x128 src/simply/simply_menu.c.11.o
 .debug_aranges
                0x00000000000001c0       0x88 src/simply/simply_msg.c.11.o
 .debug_aranges
                0x0000000000000248       0xa0 src/simply/simply_res.c.11.o
 .debug_aranges
                0x00000000000002e8       0x40 src/simply/simply_splash.c.11.o
 .debug_aranges
                0x0000000000000328       0xe8 src/simply/simply_stage.c.11.o
 .debug_aranges
                0x0000000000000410       0x98 src/simply/simply_ui.c.11.o
 .debug_aranges
                0x00000000000004a8       0x38 src/simply/simply_wakeup.c.11.o
 .debug_aranges
                0x00000000000004e0       0xb8 src/simply/simply_window.c.11.o
 .debug_aranges
                0x0000000000000598       0x70 src/simply/simply_window_stack.c.11.o
 .debug_aranges
                0x0000000000000608       0x18 aplite/appinfo.auto.c.11.o
 .debug_aranges
                0x0000000000000620       0x20 /home/hackallofit/pebble-dev/PebbleSDK-3.4/arm-cs-tools/bin/../lib/gcc/arm-none-eabi/4.7.2/thumb2/libgcc.a(_aeabi_ldivmod.o)
 .debug_aranges
                0x0000000000000640       0x20 /home/hackallofit/pebble-dev/PebbleSDK-3.4/arm-cs-tools/bin/../lib/gcc/arm-none-eabi/4.7.2/thumb2/libgcc.a(bpabi.o)
 .debug_aranges
                0x0000000000000660       0x20 /home/hackallofit/pebble-dev/PebbleSDK-3.4/arm-cs-tools/bin/../lib/gcc/arm-none-eabi/4.7.2/thumb2/libgcc.a(_dvmd_tls.o)
 .debug_aranges
                0x0000000000000680       0x20 /home/hackallofit/pebble-dev/PebbleSDK-3.4/arm-cs-tools/bin/../lib/gcc/arm-none-eabi/4.7.2/thumb2/libgcc.a(_divdi3.o)
 .debug_aranges
                0x00000000000006a0       0x20 /home/hackallofit/pebble-dev/PebbleSDK-3.4/arm-cs-tools/bin/../lib/gcc/arm-none-eabi/4.7.2/thumb2/libgcc.a(_udivdi3.o)
 .debug_aranges
                0x00000000000006c0       0x20 /home/hackallofit/pebble-dev/PebbleSDK-3.4/arm-cs-tools/bin/../lib/gcc/arm-none-eabi/4.7.2/thumb2/libgcc.a(_udivsi3.o)

.debug_ranges   0x0000000000000000     0x1258
 .debug_ranges  0x0000000000000000       0x10 src/main.c.11.o
 .debug_ranges  0x0000000000000010       0x18 src/simply/simply.c.11.o
 .debug_ranges  0x0000000000000028       0x88 src/simply/simply_accel.c.11.o
 .debug_ranges  0x00000000000000b0      0x350 src/simply/simply_menu.c.11.o
 .debug_ranges  0x0000000000000400      0x350 src/simply/simply_msg.c.11.o
 .debug_ranges  0x0000000000000750       0xd8 src/simply/simply_res.c.11.o
 .debug_ranges  0x0000000000000828       0x30 src/simply/simply_splash.c.11.o
 .debug_ranges  0x0000000000000858      0x350 src/simply/simply_stage.c.11.o
 .debug_ranges  0x0000000000000ba8      0x200 src/simply/simply_ui.c.11.o
 .debug_ranges  0x0000000000000da8       0x88 src/simply/simply_wakeup.c.11.o
 .debug_ranges  0x0000000000000e30      0x168 src/simply/simply_window.c.11.o
 .debug_ranges  0x0000000000000f98       0xc0 src/simply/simply_window_stack.c.11.o
 .debug_ranges  0x0000000000001058      0x108 /home/hackallofit/pebble-dev/PebbleSDK-3.4/arm-cs-tools/bin/../lib/gcc/arm-none-eabi/4.7.2/thumb2/libgcc.a(_divdi3.o)
 .debug_ranges  0x0000000000001160       0xf8 /home/hackallofit/pebble-dev/PebbleSDK-3.4/arm-cs-tools/bin/../lib/gcc/arm-none-eabi/4.7.2/thumb2/libgcc.a(_udivdi3.o)

.debug_line     0x0000000000000000     0x39ec
 .debug_line    0x0000000000000000       0xa8 src/main.c.11.o
 .debug_line    0x00000000000000a8      0x2da src/simply/simply.c.11.o
 .debug_line    0x0000000000000382      0x2c9 src/simply/simply_accel.c.11.o
 .debug_line    0x000000000000064b      0x920 src/simply/simply_menu.c.11.o
 .debug_line    0x0000000000000f6b      0x526 src/simply/simply_msg.c.11.o
 .debug_line    0x0000000000001491      0x469 src/simply/simply_res.c.11.o
 .debug_line    0x00000000000018fa      0x26d src/simply/simply_splash.c.11.o
 .debug_line    0x0000000000001b67      0x786 src/simply/simply_stage.c.11.o
 .debug_line    0x00000000000022ed      0x613 src/simply/simply_ui.c.11.o
 .debug_line    0x0000000000002900      0x317 src/simply/simply_wakeup.c.11.o
 .debug_line    0x0000000000002c17      0x559 src/simply/simply_window.c.11.o
 .debug_line    0x0000000000003170      0x39b src/simply/simply_window_stack.c.11.o
 .debug_line    0x000000000000350b      0x13b aplite/appinfo.auto.c.11.o
 .debug_line    0x0000000000003646       0x71 /home/hackallofit/pebble-dev/PebbleSDK-3.4/arm-cs-tools/bin/../lib/gcc/arm-none-eabi/4.7.2/thumb2/libgcc.a(_aeabi_ldivmod.o)
 .debug_line    0x00000000000036b7       0x71 /home/hackallofit/pebble-dev/PebbleSDK-3.4/arm-cs-tools/bin/../lib/gcc/arm-none-eabi/4.7.2/thumb2/libgcc.a(bpabi.o)
 .debug_line    0x0000000000003728       0x6d /home/hackallofit/pebble-dev/PebbleSDK-3.4/arm-cs-tools/bin/../lib/gcc/arm-none-eabi/4.7.2/thumb2/libgcc.a(_dvmd_tls.o)
 .debug_line    0x0000000000003795       0xef /home/hackallofit/pebble-dev/PebbleSDK-3.4/arm-cs-tools/bin/../lib/gcc/arm-none-eabi/4.7.2/thumb2/libgcc.a(_divdi3.o)
 .debug_line    0x0000000000003884       0xd8 /home/hackallofit/pebble-dev/PebbleSDK-3.4/arm-cs-tools/bin/../lib/gcc/arm-none-eabi/4.7.2/thumb2/libgcc.a(_udivdi3.o)
 .debug_line    0x000000000000395c       0x90 /home/hackallofit/pebble-dev/PebbleSDK-3.4/arm-cs-tools/bin/../lib/gcc/arm-none-eabi/4.7.2/thumb2/libgcc.a(_udivsi3.o)

.debug_str      0x0000000000000000     0x455e
 .debug_str     0x0000000000000000      0x17f src/main.c.11.o
                                        0x1be (size before relaxing)
 .debug_str     0x000000000000017f      0x51c src/simply/simply.c.11.o
                                        0x78f (size before relaxing)
 .debug_str     0x000000000000069b      0x675 src/simply/simply_accel.c.11.o
                                        0x98f (size before relaxing)
 .debug_str     0x0000000000000d10      0xf7a src/simply/simply_menu.c.11.o
                                       0x1a63 (size before relaxing)
 .debug_str     0x0000000000001c8a      0x816 src/simply/simply_msg.c.11.o
                                       0x13db (size before relaxing)
 .debug_str     0x00000000000024a0      0x25b src/simply/simply_res.c.11.o
                                        0x652 (size before relaxing)
 .debug_str     0x00000000000026fb      0x1ba src/simply/simply_splash.c.11.o
                                        0x556 (size before relaxing)
 .debug_str     0x00000000000028b5      0xcc6 src/simply/simply_stage.c.11.o
                                       0x1bd4 (size before relaxing)
 .debug_str     0x000000000000357b      0x313 src/simply/simply_ui.c.11.o
                                       0x14b4 (size before relaxing)
 .debug_str     0x000000000000388e      0x251 src/simply/simply_wakeup.c.11.o
                                        0x8f4 (size before relaxing)
 .debug_str     0x0000000000003adf      0x5f8 src/simply/simply_window.c.11.o
                                       0x132c (size before relaxing)
 .debug_str     0x00000000000040d7      0x190 src/simply/simply_window_stack.c.11.o
                                        0xb08 (size before relaxing)
 .debug_str     0x0000000000004267      0x157 aplite/appinfo.auto.c.11.o
                                        0x31a (size before relaxing)
 .debug_str     0x00000000000043be       0xda /home/hackallofit/pebble-dev/PebbleSDK-3.4/arm-cs-tools/bin/../lib/gcc/arm-none-eabi/4.7.2/thumb2/libgcc.a(bpabi.o)
                                        0x10b (size before relaxing)
 .debug_str     0x0000000000004498       0xc6 /home/hackallofit/pebble-dev/PebbleSDK-3.4/arm-cs-tools/bin/../lib/gcc/arm-none-eabi/4.7.2/thumb2/libgcc.a(_divdi3.o)
                                        0x1d8 (size before relaxing)
 .debug_str     0x0000000000000000      0x1d9 /home/hackallofit/pebble-dev/PebbleSDK-3.4/arm-cs-tools/bin/../lib/gcc/arm-none-eabi/4.7.2/thumb2/libgcc.a(_udivdi3.o)

.debug_frame    0x0000000000000000     0x1194
 .debug_frame   0x0000000000000000       0x28 src/main.c.11.o
 .debug_frame   0x0000000000000028       0x40 src/simply/simply.c.11.o
 .debug_frame   0x0000000000000068       0xd0 src/simply/simply_accel.c.11.o
 .debug_frame   0x0000000000000138      0x378 src/simply/simply_menu.c.11.o
 .debug_frame   0x00000000000004b0      0x178 src/simply/simply_msg.c.11.o
 .debug_frame   0x0000000000000628      0x1b8 src/simply/simply_res.c.11.o
 .debug_frame   0x00000000000007e0       0x9c src/simply/simply_splash.c.11.o
 .debug_frame   0x000000000000087c      0x2b0 src/simply/simply_stage.c.11.o
 .debug_frame   0x0000000000000b2c      0x1b0 src/simply/simply_ui.c.11.o
 .debug_frame   0x0000000000000cdc       0x7c src/simply/simply_wakeup.c.11.o
 .debug_frame   0x0000000000000d58      0x234 src/simply/simply_window.c.11.o
 .debug_frame   0x0000000000000f8c      0x124 src/simply/simply_window_stack.c.11.o
 .debug_frame   0x00000000000010b0       0x54 /home/hackallofit/pebble-dev/PebbleSDK-3.4/arm-cs-tools/bin/../lib/gcc/arm-none-eabi/4.7.2/thumb2/libgcc.a(bpabi.o)
 .debug_frame   0x0000000000001104       0x38 /home/hackallofit/pebble-dev/PebbleSDK-3.4/arm-cs-tools/bin/../lib/gcc/arm-none-eabi/4.7.2/thumb2/libgcc.a(_divdi3.o)
 .debug_frame   0x000000000000113c       0x38 /home/hackallofit/pebble-dev/PebbleSDK-3.4/arm-cs-tools/bin/../lib/gcc/arm-none-eabi/4.7.2/thumb2/libgcc.a(_udivdi3.o)
 .debug_frame   0x0000000000001174       0x20 /home/hackallofit/pebble-dev/PebbleSDK-3.4/arm-cs-tools/bin/../lib/gcc/arm-none-eabi/4.7.2/thumb2/libgcc.a(_udivsi3.o)
